warning: use of deprecated constant `pallet::warnings::ConstantWeight_0::_w`: 
                 It is deprecated to use hard-coded constant as call weight.
                 Please instead benchmark all calls or put the pallet into `dev` mode.
         
                 For more info see:
                     <https://github.com/paritytech/substrate/pull/13798>
   --> pallets/timeslips/src/lib.rs:156:26
    |
156 |         #[pallet::weight(10_000)]
    |                          ^^^^^^
    |
    = note: `#[warn(deprecated)]` on by default

warning: use of deprecated constant `pallet::warnings::ConstantWeight_1::_w`: 
                 It is deprecated to use hard-coded constant as call weight.
                 Please instead benchmark all calls or put the pallet into `dev` mode.
         
                 For more info see:
                     <https://github.com/paritytech/substrate/pull/13798>
   --> pallets/timeslips/src/lib.rs:186:26
    |
186 |         #[pallet::weight(10_000)]
    |                          ^^^^^^

warning: use of deprecated constant `pallet::warnings::ConstantWeight_2::_w`: 
                 It is deprecated to use hard-coded constant as call weight.
                 Please instead benchmark all calls or put the pallet into `dev` mode.
         
                 For more info see:
                     <https://github.com/paritytech/substrate/pull/13798>
   --> pallets/timeslips/src/lib.rs:209:26
    |
209 |         #[pallet::weight(10_000)]
    |                          ^^^^^^

warning: use of deprecated constant `pallet::warnings::ConstantWeight_3::_w`: 
                 It is deprecated to use hard-coded constant as call weight.
                 Please instead benchmark all calls or put the pallet into `dev` mode.
         
                 For more info see:
                     <https://github.com/paritytech/substrate/pull/13798>
   --> pallets/timeslips/src/lib.rs:244:26
    |
244 |         #[pallet::weight(10_000)]
    |                          ^^^^^^

warning: use of deprecated constant `pallet::warnings::ConstantWeight_0::_w`: 
                 It is deprecated to use hard-coded constant as call weight.
                 Please instead benchmark all calls or put the pallet into `dev` mode.
         
                 For more info see:
                     <https://github.com/paritytech/substrate/pull/13798>
   --> /mnt/c/pqr.info/SUBSTRATE/pallet-5d-hcp/src/lib.rs:136:26
    |
136 |         #[pallet::weight(10_000)]
    |                          ^^^^^^
    |
    = note: `#[warn(deprecated)]` on by default

warning: use of deprecated constant `pallet::warnings::ConstantWeight_1::_w`: 
                 It is deprecated to use hard-coded constant as call weight.
                 Please instead benchmark all calls or put the pallet into `dev` mode.
         
                 For more info see:
                     <https://github.com/paritytech/substrate/pull/13798>
   --> /mnt/c/pqr.info/SUBSTRATE/pallet-5d-hcp/src/lib.rs:157:26
    |
157 |         #[pallet::weight(10_000)]
    |                          ^^^^^^

warning: use of deprecated constant `pallet::warnings::ConstantWeight_2::_w`: 
                 It is deprecated to use hard-coded constant as call weight.
                 Please instead benchmark all calls or put the pallet into `dev` mode.
         
                 For more info see:
                     <https://github.com/paritytech/substrate/pull/13798>
   --> /mnt/c/pqr.info/SUBSTRATE/pallet-5d-hcp/src/lib.rs:192:26
    |
192 |         #[pallet::weight(10_000)]
    |                          ^^^^^^

warning: use of deprecated constant `pallet::warnings::ConstantWeight_3::_w`: 
                 It is deprecated to use hard-coded constant as call weight.
                 Please instead benchmark all calls or put the pallet into `dev` mode.
         
                 For more info see:
                     <https://github.com/paritytech/substrate/pull/13798>
   --> /mnt/c/pqr.info/SUBSTRATE/pallet-5d-hcp/src/lib.rs:206:26
    |
206 |         #[pallet::weight(10_000)]
    |                          ^^^^^^

warning: use of deprecated constant `pallet::warnings::ConstantWeight_4::_w`: 
                 It is deprecated to use hard-coded constant as call weight.
                 Please instead benchmark all calls or put the pallet into `dev` mode.
         
                 For more info see:
                     <https://github.com/paritytech/substrate/pull/13798>
   --> /mnt/c/pqr.info/SUBSTRATE/pallet-5d-hcp/src/lib.rs:219:26
    |
219 |         #[pallet::weight(10_000)]
    |                          ^^^^^^

warning: use of deprecated constant `pallet::warnings::ConstantWeight_5::_w`: 
                 It is deprecated to use hard-coded constant as call weight.
                 Please instead benchmark all calls or put the pallet into `dev` mode.
         
                 For more info see:
                     <https://github.com/paritytech/substrate/pull/13798>
   --> /mnt/c/pqr.info/SUBSTRATE/pallet-5d-hcp/src/lib.rs:232:26
    |
232 |         #[pallet::weight(10_000)]
    |                          ^^^^^^

warning: use of deprecated constant `pallet::warnings::ConstantWeight_0::_w`: 
                 It is deprecated to use hard-coded constant as call weight.
                 Please instead benchmark all calls or put the pallet into `dev` mode.
         
                 For more info see:
                     <https://github.com/paritytech/substrate/pull/13798>
   --> /mnt/c/pqr.info/SUBSTRATE/pallet-marketplace/src/lib.rs:132:26
    |
132 |         #[pallet::weight(10_000)]
    |                          ^^^^^^
    |
    = note: `#[warn(deprecated)]` on by default

warning: use of deprecated constant `pallet::warnings::ConstantWeight_1::_w`: 
                 It is deprecated to use hard-coded constant as call weight.
                 Please instead benchmark all calls or put the pallet into `dev` mode.
         
                 For more info see:
                     <https://github.com/paritytech/substrate/pull/13798>
   --> /mnt/c/pqr.info/SUBSTRATE/pallet-marketplace/src/lib.rs:160:26
    |
160 |         #[pallet::weight(10_000)]
    |                          ^^^^^^

warning: use of deprecated constant `pallet::warnings::ConstantWeight_2::_w`: 
                 It is deprecated to use hard-coded constant as call weight.
                 Please instead benchmark all calls or put the pallet into `dev` mode.
         
                 For more info see:
                     <https://github.com/paritytech/substrate/pull/13798>
   --> /mnt/c/pqr.info/SUBSTRATE/pallet-marketplace/src/lib.rs:190:26
    |
190 |         #[pallet::weight(10_000)]
    |                          ^^^^^^

warning: use of deprecated constant `pallet::warnings::ConstantWeight_3::_w`: 
                 It is deprecated to use hard-coded constant as call weight.
                 Please instead benchmark all calls or put the pallet into `dev` mode.
         
                 For more info see:
                     <https://github.com/paritytech/substrate/pull/13798>
   --> /mnt/c/pqr.info/SUBSTRATE/pallet-marketplace/src/lib.rs:225:26
    |
225 |         #[pallet::weight(10_000)]
    |                          ^^^^^^

warning: use of deprecated constant `pallet::warnings::ConstantWeight_4::_w`: 
                 It is deprecated to use hard-coded constant as call weight.
                 Please instead benchmark all calls or put the pallet into `dev` mode.
         
                 For more info see:
                     <https://github.com/paritytech/substrate/pull/13798>
   --> /mnt/c/pqr.info/SUBSTRATE/pallet-marketplace/src/lib.rs:251:26
    |
251 |         #[pallet::weight(10_000)]
    |                          ^^^^^^

warning: unused import: `Saturating`
 --> /mnt/c/pqr.info/SUBSTRATE/pallet-imagefx-nft/src/mint.rs:5:26
  |
5 | use sp_runtime::traits::{Saturating, Zero, CheckedMul, Hash};
  |                          ^^^^^^^^^^
  |
  = note: `#[warn(unused_imports)]` (part of `#[warn(unused)]`) on by default

warning: unused import: `NftMetadata`
  --> /mnt/c/pqr.info/SUBSTRATE/pallet-imagefx-nft/src/lib.rs:18:27
   |
18 |     use crate::metadata::{NftMetadata, ImageMetadata, ProteinMetadata, NftClass, NftRecord};
   |                           ^^^^^^^^^^^

warning: use of deprecated constant `pallet::warnings::ConstantWeight_0::_w`: 
                 It is deprecated to use hard-coded constant as call weight.
                 Please instead benchmark all calls or put the pallet into `dev` mode.
         
                 For more info see:
                     <https://github.com/paritytech/substrate/pull/13798>
   --> /mnt/c/pqr.info/SUBSTRATE/pallet-imagefx-nft/src/lib.rs:143:26
    |
143 |         #[pallet::weight(10_000)]
    |                          ^^^^^^
    |
    = note: `#[warn(deprecated)]` on by default

warning: use of deprecated constant `pallet::warnings::ConstantWeight_1::_w`: 
                 It is deprecated to use hard-coded constant as call weight.
                 Please instead benchmark all calls or put the pallet into `dev` mode.
         
                 For more info see:
                     <https://github.com/paritytech/substrate/pull/13798>
   --> /mnt/c/pqr.info/SUBSTRATE/pallet-imagefx-nft/src/lib.rs:153:26
    |
153 |         #[pallet::weight(10_000)]
    |                          ^^^^^^

warning: use of deprecated constant `pallet::warnings::ConstantWeight_2::_w`: 
                 It is deprecated to use hard-coded constant as call weight.
                 Please instead benchmark all calls or put the pallet into `dev` mode.
         
                 For more info see:
                     <https://github.com/paritytech/substrate/pull/13798>
   --> /mnt/c/pqr.info/SUBSTRATE/pallet-imagefx-nft/src/lib.rs:161:26
    |
161 |         #[pallet::weight(10_000)]
    |                          ^^^^^^

warning: use of deprecated constant `pallet::warnings::ConstantWeight_3::_w`: 
                 It is deprecated to use hard-coded constant as call weight.
                 Please instead benchmark all calls or put the pallet into `dev` mode.
         
                 For more info see:
                     <https://github.com/paritytech/substrate/pull/13798>
   --> /mnt/c/pqr.info/SUBSTRATE/pallet-imagefx-nft/src/lib.rs:167:26
    |
167 |         #[pallet::weight(10_000)]
    |                          ^^^^^^

warning: use of deprecated constant `pallet::warnings::ConstantWeight_4::_w`: 
                 It is deprecated to use hard-coded constant as call weight.
                 Please instead benchmark all calls or put the pallet into `dev` mode.
         
                 For more info see:
                     <https://github.com/paritytech/substrate/pull/13798>
   --> /mnt/c/pqr.info/SUBSTRATE/pallet-imagefx-nft/src/lib.rs:173:26
    |
173 |         #[pallet::weight(10_000)]
    |                          ^^^^^^

warning: use of deprecated constant `pallet::warnings::ConstantWeight_5::_w`: 
                 It is deprecated to use hard-coded constant as call weight.
                 Please instead benchmark all calls or put the pallet into `dev` mode.
         
                 For more info see:
                     <https://github.com/paritytech/substrate/pull/13798>
   --> /mnt/c/pqr.info/SUBSTRATE/pallet-imagefx-nft/src/lib.rs:181:26
    |
181 |         #[pallet::weight(10_000)]
    |                          ^^^^^^

warning: use of deprecated constant `pallet::warnings::ConstantWeight_6::_w`: 
                 It is deprecated to use hard-coded constant as call weight.
                 Please instead benchmark all calls or put the pallet into `dev` mode.
         
                 For more info see:
                     <https://github.com/paritytech/substrate/pull/13798>
   --> /mnt/c/pqr.info/SUBSTRATE/pallet-imagefx-nft/src/lib.rs:202:26
    |
202 |         #[pallet::weight(10_000)]
    |                          ^^^^^^

warning: use of deprecated constant `pallet::warnings::ConstantWeight_7::_w`: 
                 It is deprecated to use hard-coded constant as call weight.
                 Please instead benchmark all calls or put the pallet into `dev` mode.
         
                 For more info see:
                     <https://github.com/paritytech/substrate/pull/13798>
   --> /mnt/c/pqr.info/SUBSTRATE/pallet-imagefx-nft/src/lib.rs:208:26
    |
208 |         #[pallet::weight(10_000)]
    |                          ^^^^^^

warning: use of deprecated constant `pallet::warnings::ConstantWeight_8::_w`: 
                 It is deprecated to use hard-coded constant as call weight.
                 Please instead benchmark all calls or put the pallet into `dev` mode.
         
                 For more info see:
                     <https://github.com/paritytech/substrate/pull/13798>
   --> /mnt/c/pqr.info/SUBSTRATE/pallet-imagefx-nft/src/lib.rs:214:26
    |
214 |         #[pallet::weight(10_000)]
    |                          ^^^^^^

warning: use of deprecated constant `pallet::warnings::ConstantWeight_9::_w`: 
                 It is deprecated to use hard-coded constant as call weight.
                 Please instead benchmark all calls or put the pallet into `dev` mode.
         
                 For more info see:
                     <https://github.com/paritytech/substrate/pull/13798>
   --> /mnt/c/pqr.info/SUBSTRATE/pallet-imagefx-nft/src/lib.rs:220:26
    |
220 |         #[pallet::weight(10_000)]
    |                          ^^^^^^

warning: use of deprecated constant `pallet::warnings::ConstantWeight_0::_w`: 
                 It is deprecated to use hard-coded constant as call weight.
                 Please instead benchmark all calls or put the pallet into `dev` mode.
         
                 For more info see:
                     <https://github.com/paritytech/substrate/pull/13798>
  --> /mnt/c/pqr.info/SUBSTRATE/pallet-vault-storage/src/lib.rs:71:26
   |
71 |         #[pallet::weight(10_000)]
   |                          ^^^^^^
   |
   = note: `#[warn(deprecated)]` on by default

warning: use of deprecated constant `pallet::warnings::ConstantWeight_1::_w`: 
                 It is deprecated to use hard-coded constant as call weight.
                 Please instead benchmark all calls or put the pallet into `dev` mode.
         
                 For more info see:
                     <https://github.com/paritytech/substrate/pull/13798>
  --> /mnt/c/pqr.info/SUBSTRATE/pallet-vault-storage/src/lib.rs:84:26
   |
84 |         #[pallet::weight(10_000)]
   |                          ^^^^^^

warning: `pallet-timeslips` (lib) generated 4 warnings
warning: `pallet-5d-hcp` (lib) generated 6 warnings
warning: `pallet-marketplace` (lib) generated 5 warnings
warning: `pallet-imagefx-nft` (lib) generated 12 warnings (run `cargo fix --lib -p pallet-imagefx-nft` to apply 2 suggestions)
warning: `pallet-vault-storage` (lib) generated 2 warnings
   Compiling solochain-template-runtime v0.1.0 (/mnt/c/pqr.info/substrate-node-template/runtime)
warning: unused import: `FixedPointNumber`
 --> os-spark-core/src/lib.rs:5:32
  |
5 | use sp_arithmetic::{FixedU128, FixedPointNumber};
  |                                ^^^^^^^^^^^^^^^^
  |
  = note: `#[warn(unused_imports)]` (part of `#[warn(unused)]`) on by default

warning: solochain-template-node@0.1.0: Git command failed with status 'exit status: 128' with message: 'fatal: not a git repository (or any parent up to mount point /mnt)
warning: solochain-template-node@0.1.0: Could not find `.git/HEAD` searching from `/mnt/c/pqr.info/substrate-node-template/node` upwards!
warning: `os-spark-core` (lib) generated 1 warning (run `cargo fix --lib -p os-spark-core` to apply 1 suggestion)
⚡ Found 3 strongly connected components which includes at least one cycle each
cycle(001) ∈ α: DisputeCoordinator ~~{"DisputeDistributionMessage"}~~> DisputeDistribution ~~{"DisputeCoordinatorMessage"}~~>  *
cycle(002) ∈ β: CandidateBacking ~~{"CollatorProtocolMessage"}~~> CollatorProtocol ~~{"CandidateBackingMessage"}~~>  *
cycle(003) ∈ γ: NetworkBridgeRx ~~{"GossipSupportMessage"}~~> GossipSupport ~~{"NetworkBridgeRxMessage"}~~>  *
warning: solochain-template-runtime@0.1.0: You are building WASM runtime using `wasm32-unknown-unknown` target, although Rust >= 1.84 supports `wasm32v1-none` target!
warning: solochain-template-runtime@0.1.0: You can install it with `rustup target add wasm32v1-none --toolchain stable-x86_64-unknown-linux-gnu` if you're using `rustup`.
warning: solochain-template-runtime@0.1.0: After installing `wasm32v1-none` target, you must rebuild WASM runtime from scratch, use `cargo clean` before building.
error: failed to run custom build command for `solochain-template-runtime v0.1.0 (/mnt/c/pqr.info/substrate-node-template/runtime)`

Caused by:
  process didn't exit successfully: `/mnt/c/pqr.info/substrate-node-template/target/release/build/solochain-template-runtime-cdb55e303da05b09/build-script-build` (exit status: 1)
  --- stdout
  cargo:warning=You are building WASM runtime using `wasm32-unknown-unknown` target, although Rust >= 1.84 supports `wasm32v1-none` target!
  cargo:warning=You can install it with `rustup target add wasm32v1-none --toolchain stable-x86_64-unknown-linux-gnu` if you're using `rustup`.
  cargo:warning=After installing `wasm32v1-none` target, you must rebuild WASM runtime from scratch, use `cargo clean` before building.
  Information that should be included in a bug report.
  Executing build command: env -u CARGO_ENCODED_RUSTFLAGS -u RUSTC CARGO_MAKEFLAGS="-j --jobserver-fds=3,5 --jobserver-auth=3,5" CARGO_TARGET_DIR="/mnt/c/pqr.info/substrate-node-template/target/release/wbuild/solochain-template-runtime/target" RUSTC_BOOTSTRAP="1" RUSTFLAGS="-C target-cpu=mvp -C link-arg=--export-table -C link-arg=--export=__heap_base -C link-arg=--import-memory --cfg substrate_runtime " SKIP_WASM_BUILD="" "/root/.rustup/toolchains/stable-x86_64-unknown-linux-gnu/bin/cargo" "rustc" "--target=wasm32-unknown-unknown" "--manifest-path=/mnt/c/pqr.info/substrate-node-template/target/release/wbuild/solochain-template-runtime/Cargo.toml" "--color=always" "--profile" "release" "-Z" "build-std=core,alloc"
  Using rustc version: rustc 1.97.1 (8bab26f4f 2026-07-14)


  --- stderr
     Compiling solochain-template-runtime v0.1.0 (/mnt/c/pqr.info/substrate-node-template/runtime)
  warning: use of deprecated constant `pallet::warnings::ConstantWeight_0::_w`: 
                   It is deprecated to use hard-coded constant as call weight.
                   Please instead benchmark all calls or put the pallet into `dev` mode.
           
                   For more info see:
                       <https://github.com/paritytech/substrate/pull/13798>
    --> /mnt/c/pqr.info/SUBSTRATE/pallet-vault-storage/src/lib.rs:71:26
     |
  71 |         #[pallet::weight(10_000)]
     |                          ^^^^^^
     |
     = note: `#[warn(deprecated)]` on by default

  warning: use of deprecated constant `pallet::warnings::ConstantWeight_1::_w`: 
                   It is deprecated to use hard-coded constant as call weight.
                   Please instead benchmark all calls or put the pallet into `dev` mode.
           
                   For more info see:
                       <https://github.com/paritytech/substrate/pull/13798>
    --> /mnt/c/pqr.info/SUBSTRATE/pallet-vault-storage/src/lib.rs:84:26
     |
  84 |         #[pallet::weight(10_000)]
     |                          ^^^^^^

  warning: unused import: `Saturating`
   --> /mnt/c/pqr.info/SUBSTRATE/pallet-imagefx-nft/src/mint.rs:5:26
    |
  5 | use sp_runtime::traits::{Saturating, Zero, CheckedMul, Hash};
    |                          ^^^^^^^^^^
    |
    = note: `#[warn(unused_imports)]` (part of `#[warn(unused)]`) on by default

  warning: unused import: `NftMetadata`
    --> /mnt/c/pqr.info/SUBSTRATE/pallet-imagefx-nft/src/lib.rs:18:27
     |
  18 |     use crate::metadata::{NftMetadata, ImageMetadata, ProteinMetadata, NftClass, NftRecord};
     |                           ^^^^^^^^^^^

  warning: use of deprecated constant `pallet::warnings::ConstantWeight_0::_w`: 
                   It is deprecated to use hard-coded constant as call weight.
                   Please instead benchmark all calls or put the pallet into `dev` mode.
           
                   For more info see:
                       <https://github.com/paritytech/substrate/pull/13798>
     --> /mnt/c/pqr.info/SUBSTRATE/pallet-imagefx-nft/src/lib.rs:143:26
      |
  143 |         #[pallet::weight(10_000)]
      |                          ^^^^^^
      |
      = note: `#[warn(deprecated)]` on by default

  warning: use of deprecated constant `pallet::warnings::ConstantWeight_1::_w`: 
                   It is deprecated to use hard-coded constant as call weight.
                   Please instead benchmark all calls or put the pallet into `dev` mode.
           
                   For more info see:
                       <https://github.com/paritytech/substrate/pull/13798>
     --> /mnt/c/pqr.info/SUBSTRATE/pallet-imagefx-nft/src/lib.rs:153:26
      |
  153 |         #[pallet::weight(10_000)]
      |                          ^^^^^^

  warning: use of deprecated constant `pallet::warnings::ConstantWeight_2::_w`: 
                   It is deprecated to use hard-coded constant as call weight.
                   Please instead benchmark all calls or put the pallet into `dev` mode.
           
                   For more info see:
                       <https://github.com/paritytech/substrate/pull/13798>
     --> /mnt/c/pqr.info/SUBSTRATE/pallet-imagefx-nft/src/lib.rs:161:26
      |
  161 |         #[pallet::weight(10_000)]
      |                          ^^^^^^

  warning: use of deprecated constant `pallet::warnings::ConstantWeight_3::_w`: 
                   It is deprecated to use hard-coded constant as call weight.
                   Please instead benchmark all calls or put the pallet into `dev` mode.
           
                   For more info see:
                       <https://github.com/paritytech/substrate/pull/13798>
     --> /mnt/c/pqr.info/SUBSTRATE/pallet-imagefx-nft/src/lib.rs:167:26
      |
  167 |         #[pallet::weight(10_000)]
      |                          ^^^^^^

  warning: use of deprecated constant `pallet::warnings::ConstantWeight_4::_w`: 
                   It is deprecated to use hard-coded constant as call weight.
                   Please instead benchmark all calls or put the pallet into `dev` mode.
           
                   For more info see:
                       <https://github.com/paritytech/substrate/pull/13798>
     --> /mnt/c/pqr.info/SUBSTRATE/pallet-imagefx-nft/src/lib.rs:173:26
      |
  173 |         #[pallet::weight(10_000)]
      |                          ^^^^^^

  warning: use of deprecated constant `pallet::warnings::ConstantWeight_5::_w`: 
                   It is deprecated to use hard-coded constant as call weight.
                   Please instead benchmark all calls or put the pallet into `dev` mode.
           
                   For more info see:
                       <https://github.com/paritytech/substrate/pull/13798>
     --> /mnt/c/pqr.info/SUBSTRATE/pallet-imagefx-nft/src/lib.rs:181:26
      |
  181 |         #[pallet::weight(10_000)]
      |                          ^^^^^^

  warning: use of deprecated constant `pallet::warnings::ConstantWeight_6::_w`: 
                   It is deprecated to use hard-coded constant as call weight.
                   Please instead benchmark all calls or put the pallet into `dev` mode.
           
                   For more info see:
                       <https://github.com/paritytech/substrate/pull/13798>
     --> /mnt/c/pqr.info/SUBSTRATE/pallet-imagefx-nft/src/lib.rs:202:26
      |
  202 |         #[pallet::weight(10_000)]
      |                          ^^^^^^

  warning: use of deprecated constant `pallet::warnings::ConstantWeight_7::_w`: 
                   It is deprecated to use hard-coded constant as call weight.
                   Please instead benchmark all calls or put the pallet into `dev` mode.
           
                   For more info see:
                       <https://github.com/paritytech/substrate/pull/13798>
     --> /mnt/c/pqr.info/SUBSTRATE/pallet-imagefx-nft/src/lib.rs:208:26
      |
  208 |         #[pallet::weight(10_000)]
      |                          ^^^^^^

  warning: use of deprecated constant `pallet::warnings::ConstantWeight_8::_w`: 
                   It is deprecated to use hard-coded constant as call weight.
                   Please instead benchmark all calls or put the pallet into `dev` mode.
           
                   For more info see:
                       <https://github.com/paritytech/substrate/pull/13798>
     --> /mnt/c/pqr.info/SUBSTRATE/pallet-imagefx-nft/src/lib.rs:214:26
      |
  214 |         #[pallet::weight(10_000)]
      |                          ^^^^^^

  warning: use of deprecated constant `pallet::warnings::ConstantWeight_9::_w`: 
                   It is deprecated to use hard-coded constant as call weight.
                   Please instead benchmark all calls or put the pallet into `dev` mode.
           
                   For more info see:
                       <https://github.com/paritytech/substrate/pull/13798>
     --> /mnt/c/pqr.info/SUBSTRATE/pallet-imagefx-nft/src/lib.rs:220:26
      |
  220 |         #[pallet::weight(10_000)]
      |                          ^^^^^^

  warning: use of deprecated constant `pallet::warnings::ConstantWeight_0::_w`: 
                   It is deprecated to use hard-coded constant as call weight.
                   Please instead benchmark all calls or put the pallet into `dev` mode.
           
                   For more info see:
                       <https://github.com/paritytech/substrate/pull/13798>
     --> /mnt/c/pqr.info/SUBSTRATE/pallet-marketplace/src/lib.rs:132:26
      |
  132 |         #[pallet::weight(10_000)]
      |                          ^^^^^^
      |
      = note: `#[warn(deprecated)]` on by default

  warning: use of deprecated constant `pallet::warnings::ConstantWeight_1::_w`: 
                   It is deprecated to use hard-coded constant as call weight.
                   Please instead benchmark all calls or put the pallet into `dev` mode.
           
                   For more info see:
                       <https://github.com/paritytech/substrate/pull/13798>
     --> /mnt/c/pqr.info/SUBSTRATE/pallet-marketplace/src/lib.rs:160:26
      |
  160 |         #[pallet::weight(10_000)]
      |                          ^^^^^^

  warning: use of deprecated constant `pallet::warnings::ConstantWeight_2::_w`: 
                   It is deprecated to use hard-coded constant as call weight.
                   Please instead benchmark all calls or put the pallet into `dev` mode.
           
                   For more info see:
                       <https://github.com/paritytech/substrate/pull/13798>
     --> /mnt/c/pqr.info/SUBSTRATE/pallet-marketplace/src/lib.rs:190:26
      |
  190 |         #[pallet::weight(10_000)]
      |                          ^^^^^^

  warning: use of deprecated constant `pallet::warnings::ConstantWeight_3::_w`: 
                   It is deprecated to use hard-coded constant as call weight.
                   Please instead benchmark all calls or put the pallet into `dev` mode.
           
                   For more info see:
                       <https://github.com/paritytech/substrate/pull/13798>
     --> /mnt/c/pqr.info/SUBSTRATE/pallet-marketplace/src/lib.rs:225:26
      |
  225 |         #[pallet::weight(10_000)]
      |                          ^^^^^^

  warning: use of deprecated constant `pallet::warnings::ConstantWeight_4::_w`: 
                   It is deprecated to use hard-coded constant as call weight.
                   Please instead benchmark all calls or put the pallet into `dev` mode.
           
                   For more info see:
                       <https://github.com/paritytech/substrate/pull/13798>
     --> /mnt/c/pqr.info/SUBSTRATE/pallet-marketplace/src/lib.rs:251:26
      |
  251 |         #[pallet::weight(10_000)]
      |                          ^^^^^^

  warning: use of deprecated constant `pallet::warnings::ConstantWeight_0::_w`: 
                   It is deprecated to use hard-coded constant as call weight.
                   Please instead benchmark all calls or put the pallet into `dev` mode.
           
                   For more info see:
                       <https://github.com/paritytech/substrate/pull/13798>
     --> /mnt/c/pqr.info/SUBSTRATE/pallet-5d-hcp/src/lib.rs:136:26
      |
  136 |         #[pallet::weight(10_000)]
      |                          ^^^^^^
      |
      = note: `#[warn(deprecated)]` on by default

  warning: use of deprecated constant `pallet::warnings::ConstantWeight_1::_w`: 
                   It is deprecated to use hard-coded constant as call weight.
                   Please instead benchmark all calls or put the pallet into `dev` mode.
           
                   For more info see:
                       <https://github.com/paritytech/substrate/pull/13798>
     --> /mnt/c/pqr.info/SUBSTRATE/pallet-5d-hcp/src/lib.rs:157:26
      |
  157 |         #[pallet::weight(10_000)]
      |                          ^^^^^^

  warning: use of deprecated constant `pallet::warnings::ConstantWeight_2::_w`: 
                   It is deprecated to use hard-coded constant as call weight.
                   Please instead benchmark all calls or put the pallet into `dev` mode.
           
                   For more info see:
                       <https://github.com/paritytech/substrate/pull/13798>
     --> /mnt/c/pqr.info/SUBSTRATE/pallet-5d-hcp/src/lib.rs:192:26
      |
  192 |         #[pallet::weight(10_000)]
      |                          ^^^^^^

  warning: use of deprecated constant `pallet::warnings::ConstantWeight_3::_w`: 
                   It is deprecated to use hard-coded constant as call weight.
                   Please instead benchmark all calls or put the pallet into `dev` mode.
           
                   For more info see:
                       <https://github.com/paritytech/substrate/pull/13798>
     --> /mnt/c/pqr.info/SUBSTRATE/pallet-5d-hcp/src/lib.rs:206:26
      |
  206 |         #[pallet::weight(10_000)]
      |                          ^^^^^^

  warning: use of deprecated constant `pallet::warnings::ConstantWeight_4::_w`: 
                   It is deprecated to use hard-coded constant as call weight.
                   Please instead benchmark all calls or put the pallet into `dev` mode.
           
                   For more info see:
                       <https://github.com/paritytech/substrate/pull/13798>
     --> /mnt/c/pqr.info/SUBSTRATE/pallet-5d-hcp/src/lib.rs:219:26
      |
  219 |         #[pallet::weight(10_000)]
      |                          ^^^^^^

  warning: use of deprecated constant `pallet::warnings::ConstantWeight_5::_w`: 
                   It is deprecated to use hard-coded constant as call weight.
                   Please instead benchmark all calls or put the pallet into `dev` mode.
           
                   For more info see:
                       <https://github.com/paritytech/substrate/pull/13798>
     --> /mnt/c/pqr.info/SUBSTRATE/pallet-5d-hcp/src/lib.rs:232:26
      |
  232 |         #[pallet::weight(10_000)]
      |                          ^^^^^^

  warning: use of deprecated constant `pallet::warnings::ConstantWeight_0::_w`: 
                   It is deprecated to use hard-coded constant as call weight.
                   Please instead benchmark all calls or put the pallet into `dev` mode.
           
                   For more info see:
                       <https://github.com/paritytech/substrate/pull/13798>
     --> /mnt/c/pqr.info/substrate-node-template/pallets/timeslips/src/lib.rs:156:26
      |
  156 |         #[pallet::weight(10_000)]
      |                          ^^^^^^
      |
      = note: `#[warn(deprecated)]` on by default

  warning: use of deprecated constant `pallet::warnings::ConstantWeight_1::_w`: 
                   It is deprecated to use hard-coded constant as call weight.
                   Please instead benchmark all calls or put the pallet into `dev` mode.
           
                   For more info see:
                       <https://github.com/paritytech/substrate/pull/13798>
     --> /mnt/c/pqr.info/substrate-node-template/pallets/timeslips/src/lib.rs:186:26
      |
  186 |         #[pallet::weight(10_000)]
      |                          ^^^^^^

  warning: use of deprecated constant `pallet::warnings::ConstantWeight_2::_w`: 
                   It is deprecated to use hard-coded constant as call weight.
                   Please instead benchmark all calls or put the pallet into `dev` mode.
           
                   For more info see:
                       <https://github.com/paritytech/substrate/pull/13798>
     --> /mnt/c/pqr.info/substrate-node-template/pallets/timeslips/src/lib.rs:209:26
      |
  209 |         #[pallet::weight(10_000)]
      |                          ^^^^^^

  warning: use of deprecated constant `pallet::warnings::ConstantWeight_3::_w`: 
                   It is deprecated to use hard-coded constant as call weight.
                   Please instead benchmark all calls or put the pallet into `dev` mode.
           
                   For more info see:
                       <https://github.com/paritytech/substrate/pull/13798>
     --> /mnt/c/pqr.info/substrate-node-template/pallets/timeslips/src/lib.rs:244:26
      |
  244 |         #[pallet::weight(10_000)]
      |                          ^^^^^^

  warning: `pallet-vault-storage` (lib) generated 2 warnings
  warning: `pallet-imagefx-nft` (lib) generated 12 warnings (run `cargo fix --lib -p pallet-imagefx-nft` to apply 2 suggestions)
  warning: `pallet-marketplace` (lib) generated 5 warnings
  warning: `pallet-5d-hcp` (lib) generated 6 warnings
  warning: `pallet-timeslips` (lib) generated 4 warnings
  error[E0433]: cannot find module or crate `sp_std` in this scope
    --> /mnt/c/pqr.info/substrate-node-template/runtime/src/apis.rs:49:5
     |
  49 | use sp_std::collections::btree_map::BTreeMap;
     |     ^^^^^^ use of unresolved module or unlinked crate `sp_std`
     |
     = help: if you wanted to use a crate named `sp_std`, use `cargo add sp_std` to add it to your `Cargo.toml`

  warning: unnecessary parentheses around closure body
    --> /mnt/c/pqr.info/substrate-node-template/runtime/src/genesis_config_presets.rs:42:52
     |
  42 |             authorities: initial_authorities.iter().map(|x| (x.0.clone())).collect::<Vec<_>>(),
     |                                                             ^           ^
     |
     = note: `#[warn(unused_parens)]` (part of `#[warn(unused)]`) on by default
  help: remove these parentheses
     |
  42 -             authorities: initial_authorities.iter().map(|x| (x.0.clone())).collect::<Vec<_>>(),
  42 +             authorities: initial_authorities.iter().map(|x| x.0.clone()).collect::<Vec<_>>(),
     |

  error[E0277]: the trait bound `pallet_imagefx_nft::types::Listing<u128>: DecodeWithMemTracking` is not satisfied
     --> /mnt/c/pqr.info/substrate-node-template/runtime/src/lib.rs:189:1
      |
  189 | #[frame_support::runtime]
      | ^^^^^^^^^^^^^^^^^^^^^^^^^ the trait `DecodeWithMemTracking` is not implemented for `pallet_imagefx_nft::types::Listing<u128>`
      |
      = help: the following other types implement trait `DecodeWithMemTracking`:
                ()
                (TupleElement0, TupleElement1)
                (TupleElement0, TupleElement1, TupleElement2)
                (TupleElement0, TupleElement1, TupleElement2, TupleElement3)
                (TupleElement0, TupleElement1, TupleElement2, TupleElement3, TupleElement4)
                (TupleElement0, TupleElement1, TupleElement2, ..., ..., ...)
                (TupleElement0, TupleElement1, ..., ..., ..., ..., ...)
                (TupleElement0, TupleElement1, ..., ..., ..., ..., ..., ...)
              and 225 others
      = note: required for `pallet_imagefx_nft::Event<Runtime>` to implement `DecodeWithMemTracking`
  note: required by a bound in `_::check_struct::check_field`
     --> /mnt/c/pqr.info/substrate-node-template/runtime/src/lib.rs:189:1
      |
  189 | #[frame_support::runtime]
      | ^^^^^^^^^^^^^^^^^^^^^^^^^ required by this bound in `check_field`
      = note: the full name for the type has been written to '/mnt/c/pqr.info/substrate-node-template/target/release/wbuild/solochain-template-runtime/target/wasm32-unknown-unknown/release/deps/solochain_template_runtime-30f1c6e05ec10298.long-type-18155379694235795276.txt'
      = note: consider using `--verbose` to print the full type name to the console
      = note: this error originates in the attribute macro `frame_support::runtime` which comes from the expansion of the derive macro `self::sp_api_hidden_includes_construct_runtime::hidden_include::__private::codec::DecodeWithMemTracking` (in Nightly builds, run with -Z macro-backtrace for more info)

  error[E0277]: the trait bound `pallet_imagefx_nft::types::Listing<u128>: DecodeWithMemTracking` is not satisfied
     --> /mnt/c/pqr.info/substrate-node-template/runtime/src/lib.rs:189:1
      |
  189 | #[frame_support::runtime]
      | ^^^^^^^^^^^^^^^^^^^^^^^^^ the trait `DecodeWithMemTracking` is not implemented for `pallet_imagefx_nft::types::Listing<u128>`
      |
      = help: the following other types implement trait `DecodeWithMemTracking`:
                ()
                (TupleElement0, TupleElement1)
                (TupleElement0, TupleElement1, TupleElement2)
                (TupleElement0, TupleElement1, TupleElement2, TupleElement3)
                (TupleElement0, TupleElement1, TupleElement2, TupleElement3, TupleElement4)
                (TupleElement0, TupleElement1, TupleElement2, ..., ..., ...)
                (TupleElement0, TupleElement1, ..., ..., ..., ..., ...)
                (TupleElement0, TupleElement1, ..., ..., ..., ..., ..., ...)
              and 225 others
      = note: required for `pallet_imagefx_nft::Call<Runtime>` to implement `DecodeWithMemTracking`
  note: required by a bound in `_::check_struct::check_field`
     --> /mnt/c/pqr.info/substrate-node-template/runtime/src/lib.rs:189:1
      |
  189 | #[frame_support::runtime]
      | ^^^^^^^^^^^^^^^^^^^^^^^^^ required by this bound in `check_field`
      = note: the full name for the type has been written to '/mnt/c/pqr.info/substrate-node-template/target/release/wbuild/solochain-template-runtime/target/wasm32-unknown-unknown/release/deps/solochain_template_runtime-30f1c6e05ec10298.long-type-18155379694235795276.txt'
      = note: consider using `--verbose` to print the full type name to the console
      = note: this error originates in the attribute macro `frame_support::runtime` which comes from the expansion of the derive macro `self::sp_api_hidden_includes_construct_runtime::hidden_include::__private::codec::DecodeWithMemTracking` (in Nightly builds, run with -Z macro-backtrace for more info)

  error[E0277]: the trait bound `RouteHint<Runtime>: DecodeWithMemTracking` is not satisfied
     --> /mnt/c/pqr.info/substrate-node-template/runtime/src/lib.rs:189:1
      |
  189 | #[frame_support::runtime]
      | ^^^^^^^^^^^^^^^^^^^^^^^^^ the trait `DecodeWithMemTracking` is not implemented for `RouteHint<Runtime>`
      |
      = help: the following other types implement trait `DecodeWithMemTracking`:
                ()
                (TupleElement0, TupleElement1)
                (TupleElement0, TupleElement1, TupleElement2)
                (TupleElement0, TupleElement1, TupleElement2, TupleElement3)
                (TupleElement0, TupleElement1, TupleElement2, TupleElement3, TupleElement4)
                (TupleElement0, TupleElement1, TupleElement2, ..., ..., ...)
                (TupleElement0, TupleElement1, ..., ..., ..., ..., ...)
                (TupleElement0, TupleElement1, ..., ..., ..., ..., ..., ...)
              and 225 others
      = note: required for `pallet_5d_hcp::Call<Runtime>` to implement `DecodeWithMemTracking`
  note: required by a bound in `_::check_struct::check_field`
     --> /mnt/c/pqr.info/substrate-node-template/runtime/src/lib.rs:189:1
      |
  189 | #[frame_support::runtime]
      | ^^^^^^^^^^^^^^^^^^^^^^^^^ required by this bound in `check_field`
      = note: the full name for the type has been written to '/mnt/c/pqr.info/substrate-node-template/target/release/wbuild/solochain-template-runtime/target/wasm32-unknown-unknown/release/deps/solochain_template_runtime-30f1c6e05ec10298.long-type-18155379694235795276.txt'
      = note: consider using `--verbose` to print the full type name to the console
      = note: this error originates in the attribute macro `frame_support::runtime` which comes from the expansion of the derive macro `self::sp_api_hidden_includes_construct_runtime::hidden_include::__private::codec::DecodeWithMemTracking` (in Nightly builds, run with -Z macro-backtrace for more info)

  warning: use of deprecated associated function `sp_runtime::generic::UncheckedExtrinsic::<Address, Call, Signature, Extension>::new_unsigned`: Use new_bare instead
     --> /mnt/c/pqr.info/substrate-node-template/runtime/src/lib.rs:318:29
      |
  318 |         UncheckedExtrinsic::new_unsigned(call)
      |                             ^^^^^^^^^^^^
      |
      = note: `#[warn(deprecated)]` on by default

  Some errors have detailed explanations: E0277, E0433.
  For more information about an error, try `rustc --explain E0277`.
  warning: `solochain-template-runtime` (lib) generated 2 warnings
  error: could not compile `solochain-template-runtime` (lib) due to 4 previous errors; 2 warnings emitted
