    Updating crates.io index
 Downloading crates ...
  Downloaded cargo-platform v0.1.9
  Downloaded byte-slice-cast v1.2.3
  Downloaded cfg_aliases v0.1.1
  Downloaded cfg-if v1.0.0
  Downloaded cfg_aliases v0.2.1
  Downloaded byte-tools v0.3.1
  Downloaded cid v0.11.1
  Downloaded coarsetime v0.1.36
  Downloaded colorchoice v1.0.3
  Downloaded cpufeatures v0.2.17
  Downloaded httparse v1.10.1
  Downloaded constant_time_eq v0.1.5
  Downloaded cipher v0.2.5
  Downloaded const-random-macro v0.1.16
  Downloaded cranelift-codegen-shared v0.95.1
  Downloaded cid v0.9.0
  Downloaded const-random v0.1.18
  Downloaded cranelift-native v0.95.1
  Downloaded hash-db v0.16.0
  Downloaded constant_time_eq v0.3.1
  Downloaded convert_case v0.4.0
  Downloaded clap_lex v0.7.4
  Downloaded crossbeam-queue v0.3.12
  Downloaded crunchy v0.2.3
  Downloaded crypto-common v0.1.6
  Downloaded crypto-mac v0.7.0
  Downloaded chacha20 v0.9.1
  Downloaded crypto-mac v0.8.0
  Downloaded crypto_secretbox v0.1.1
  Downloaded data-encoding-macro v0.1.18
  Downloaded bs58 v0.5.1
  Downloaded byteorder v1.5.0
  Downloaded cargo_metadata v0.15.4
  Downloaded hash256-std-hasher v0.15.2
  Downloaded darling_macro v0.20.11
  Downloaded data-encoding-macro-internal v0.1.16
  Downloaded curve25519-dalek-derive v0.1.1
  Downloaded const_format_proc_macros v0.2.34
  Downloaded cranelift-entity v0.95.1
  Downloaded heck v0.4.1
  Downloaded http-body v0.4.6
  Downloaded concurrent-queue v2.5.0
  Downloaded crossbeam-deque v0.8.6
  Downloaded cipher v0.4.4
  Downloaded Inflector v0.11.4
  Downloaded bounded-collections v0.2.4
  Downloaded hashbrown v0.12.3
  Downloaded integer-sqrt v0.1.5
  Downloaded kvdb-memorydb v0.13.0
  Downloaded ctr v0.9.2
  Downloaded dashmap v5.5.3
  Downloaded data-encoding v2.9.0
  Downloaded camino v1.1.9
  Downloaded deranged v0.4.0
  Downloaded derive-syn-parse v0.2.0
  Downloaded cfg-expr v0.15.8
  Downloaded clang-sys v1.8.1
  Downloaded clap_derive v4.5.32
  Downloaded crc32fast v1.4.2
  Downloaded group v0.13.0
  Downloaded inout v0.1.4
  Downloaded itoa v1.0.15
  Downloaded console v0.15.11
  Downloaded core2 v0.4.0
  Downloaded const-hex v1.14.0
  Downloaded cexpr v0.6.0
  Downloaded darling v0.20.11
  Downloaded ident_case v1.0.1
  Downloaded derivative v2.2.0
  Downloaded addr2line v0.24.2
  Downloaded anstyle v1.0.10
  Downloaded anstyle-query v1.1.2
  Downloaded c2-chacha v0.3.3
  Downloaded clap v4.5.38
  Downloaded asn1-rs-derive v0.6.0
  Downloaded cranelift-frontend v0.95.1
  Downloaded codespan-reporting v0.12.0
  Downloaded cranelift-isle v0.95.1
  Downloaded crossbeam-epoch v0.9.18
  Downloaded crossbeam-utils v0.8.21
  Downloaded is_terminal_polyfill v1.70.1
  Downloaded ark-serialize-derive v0.5.0
  Downloaded bumpalo v3.17.0
  Downloaded anstream v0.6.18
  Downloaded anstyle-parse v0.2.6
  Downloaded chacha20poly1305 v0.10.1
  Downloaded const-oid v0.9.6
  Downloaded comfy-table v7.1.4
  Downloaded cranelift-codegen-meta v0.95.1
  Downloaded idna_adapter v1.2.1
  Downloaded impl-codec v0.7.1
  Downloaded cpp_demangle v0.3.5
  Downloaded httpdate v1.0.3
  Downloaded include_dir_macros v0.7.4
  Downloaded lazycell v1.3.0
  Downloaded ark-std v0.5.0
  Downloaded darling_core v0.20.11
  Downloaded common-path v1.0.0
  Downloaded chacha v0.3.0
  Downloaded der-parser v10.0.0
  Downloaded bytes v1.10.1
  Downloaded libp2p-dns v0.42.0
  Downloaded ark-std v0.4.0
  Downloaded crypto-bigint v0.5.5
  Downloaded async-executor v1.13.2
  Downloaded async-fs v2.1.2
  Downloaded build-helper v0.1.1
  Downloaded ark-poly v0.5.0
  Downloaded der v0.7.10
  Downloaded lazy_static v1.5.0
  Downloaded atomic-waker v1.1.2
  Downloaded bitcoin-internals v0.2.0
  Downloaded block-buffer v0.9.0
  Downloaded block-buffer v0.10.4
  Downloaded bounded-vec v0.7.1
  Downloaded bytemuck v1.23.0
  Downloaded cc v1.2.22
  Downloaded const_format v0.2.34
  Downloaded cranelift-bforest v0.95.1
  Downloaded pbkdf2 v0.12.2
  Downloaded aes-gcm v0.10.3
  Downloaded blocking v1.6.1
  Downloaded pin-project-lite v0.2.16
  Downloaded clap_builder v4.5.38
  Downloaded bip32 v0.5.3
  Downloaded keystream v1.0.0
  Downloaded cranelift-wasm v0.95.1
  Downloaded jsonrpsee-types v0.24.9
  Downloaded parity-wasm v0.45.0
  Downloaded base64 v0.22.1
  Downloaded is-terminal v0.4.16
  Downloaded keccak v0.1.5
  Downloaded include_dir v0.7.4
  Downloaded der-parser v9.0.0
  Downloaded cumulus-primitives-core v0.18.1
  Downloaded chrono v0.4.41
  Downloaded http-body v1.0.1
  Downloaded proc-macro-error-attr2 v2.0.0
  Downloaded heck v0.5.0
  Downloaded hex v0.4.3
  Downloaded hmac-drbg v0.3.0
  Downloaded proc-macro-error-attr v1.0.4
  Downloaded poly1305 v0.8.0
  Downloaded hmac v0.8.1
  Downloaded prost v0.12.6
  Downloaded curve25519-dalek v4.1.3
  Downloaded attohttpc v0.24.1
  Downloaded polling v3.7.4
  Downloaded prost-types v0.13.5
  Downloaded rawpointer v0.2.1
  Downloaded cumulus-primitives-parachain-inherent v0.18.1
  Downloaded cumulus-primitives-proof-size-hostfunction v0.12.0
  Downloaded rand_xorshift v0.3.0
  Downloaded cumulus-relay-chain-interface v0.22.0
  Downloaded cumulus-test-relay-sproof-builder v0.19.0
  Downloaded cxxbridge-flags v1.0.158
  Downloaded instant v0.1.13
  Downloaded libp2p-ping v0.45.0
  Downloaded bindgen v0.65.1
  Downloaded rustc-hash v1.1.0
  Downloaded rustc-hash v2.1.1
  Downloaded rustc-hex v2.1.0
  Downloaded sc-chain-spec-derive v12.0.0
  Downloaded rtoolbox v0.0.3
  Downloaded rustc-demangle v0.1.24
  Downloaded cumulus-client-parachain-inherent v0.16.0
  Downloaded hashlink v0.8.4
  Downloaded http-body-util v0.1.3
  Downloaded scrypt v0.11.0
  Downloaded raw-cpuid v11.5.0
  Downloaded libp2p-allow-block-list v0.4.0
  Downloaded sp-keystore v0.42.0
  Downloaded sp-wasm-interface v21.0.1
  Downloaded libp2p-connection-limits v0.4.0
  Downloaded pin-utils v0.1.0
  Downloaded secrecy v0.8.0
  Downloaded slice-group-by v0.3.1
  Downloaded proptest v1.6.0
  Downloaded subtle v2.6.1
  Downloaded pallet-grandpa v40.0.0
  Downloaded slab v0.4.9
  Downloaded hex-conservative v0.1.2
  Downloaded hex-conservative v0.2.1
  Downloaded impl-trait-for-tuples v0.2.3
  Downloaded spki v0.7.3
  Downloaded soketto v0.8.1
  Downloaded synstructure v0.13.2
  Downloaded libloading v0.8.7
  Downloaded bip39 v2.1.0
  Downloaded polkavm-assembler v0.18.0
  Downloaded cxxbridge-macro v1.0.158
  Downloaded ipnet v2.11.0
  Downloaded socket2 v0.5.9
  Downloaded spinning_top v0.3.0
  Downloaded jsonrpsee v0.24.9
  Downloaded secp256k1 v0.30.0
  Downloaded jobserver v0.1.33
  Downloaded libp2p-metrics v0.15.0
  Downloaded thousands v0.2.0
  Downloaded toml_datetime v0.6.9
  Downloaded humantime v2.2.0
  Downloaded if-watch v3.2.1
  Downloaded thread_local v1.1.8
  Downloaded tap v1.0.1
  Downloaded wasmtime-asm-macros v8.0.1
  Downloaded pallet-session v40.0.0
  Downloaded thiserror v2.0.12
  Downloaded polkadot-node-primitives v19.0.0
  Downloaded unarray v0.1.4
  Downloaded unsigned-varint v0.7.2
  Downloaded sc-keystore v35.0.0
  Downloaded tokio-stream v0.1.17
  Downloaded uint v0.10.0
  Downloaded tokio-tungstenite v0.26.2
  Downloaded thiserror-impl v2.0.12
  Downloaded polkadot-node-subsystem-types v22.0.0
  Downloaded thiserror-impl v1.0.69
  Downloaded walkdir v2.5.0
  Downloaded digest v0.8.1
  Downloaded sc-telemetry v28.1.0
  Downloaded scale-encode-derive v0.8.0
  Downloaded downcast-rs v1.2.1
  Downloaded scale-decode-derive v0.14.0
  Downloaded substrate-frame-rpc-system v43.0.0
  Downloaded regex-syntax v0.6.29
  Downloaded libp2p-noise v0.45.0
  Downloaded toml v0.5.11
  Downloaded displaydoc v0.2.5
  Downloaded sp-blockchain v39.0.0
  Downloaded sp-transaction-storage-proof v36.1.0
  Downloaded toml v0.8.22
  Downloaded rustc_version v0.4.1
  Downloaded rusticata-macros v4.1.0
  Downloaded url v2.5.4
  Downloaded fixedbitset v0.4.2
  Downloaded enum-ordinalize-derive v4.3.1
  Downloaded frame-support-procedural-tools v13.0.1
  Downloaded frame-support-procedural-tools-derive v12.0.0
  Downloaded bzip2-sys v0.1.13+1.0.8
  Downloaded environmental v1.1.4
  Downloaded fnv v1.0.7
  Downloaded hex-literal v0.4.1
  Downloaded sc-rpc v44.0.0
  Downloaded hmac v0.12.1
  Downloaded cxx-build v1.0.158
  Downloaded foldhash v0.1.5
  Downloaded enum-as-inner v0.6.1
  Downloaded fixedbitset v0.5.7
  Downloaded parity-db v0.4.13
  Downloaded x25519-dalek v2.0.1
  Downloaded jsonrpsee-client-transport v0.24.9
  Downloaded impl-num-traits v0.2.0
  Downloaded scale-encode v0.8.0
  Downloaded ed25519-zebra v4.0.3
  Downloaded async-signal v0.2.10
  Downloaded polyval v0.6.2
  Downloaded env_logger v0.10.2
  Downloaded elliptic-curve v0.13.8
  Downloaded secrecy v0.10.3
  Downloaded tokio-util v0.7.15
  Downloaded getrandom_or_panic v0.0.3
  Downloaded ghash v0.5.1
  Downloaded sp-crypto-hashing-proc-macro v0.1.0
  Downloaded strsim v0.11.1
  Downloaded regex-syntax v0.8.5
  Downloaded lioness v0.1.2
  Downloaded macro_magic_core v0.5.1
  Downloaded memoffset v0.8.0
  Downloaded kvdb v0.13.0
  Downloaded indexmap-nostd v0.4.0
  Downloaded sc-cli v0.51.0
  Downloaded subxt-codegen v0.38.1
  Downloaded yap v0.11.0
  Downloaded keccak-hash v0.11.0
  Downloaded mockall v0.13.1
  Downloaded threadpool v1.8.1
  Downloaded multibase v0.9.1
  Downloaded sp-keyring v41.0.0
  Downloaded oid-registry v0.7.1
  Downloaded getrandom v0.3.3
  Downloaded multiaddr v0.18.2
  Downloaded libsecp256k1 v0.7.2
  Downloaded num-complex v0.4.6
  Downloaded oid-registry v0.8.1
  Downloaded overload v0.1.1
  Downloaded sc-rpc-api v0.48.0
  Downloaded sp-metadata-ir v0.10.0
  Downloaded cxx v1.0.158
  Downloaded digest v0.9.0
  Downloaded enum-ordinalize v4.3.0
  Downloaded minimal-lexical v0.2.1
  Downloaded sc-mixnet v0.19.0
  Downloaded vcpkg v0.2.15
  Downloaded hyper-rustls v0.27.5
  Downloaded jsonrpsee-proc-macros v0.24.9
  Downloaded string-interner v0.17.0
  Downloaded libp2p v0.54.1
  Downloaded libp2p-identify v0.45.0
  Downloaded asn1-rs-impl v0.2.0
  Downloaded sp-block-builder v36.0.0
  Downloaded ark-ff-macros v0.5.0
  Downloaded potential_utf v0.1.2
  Downloaded ark-poly v0.4.2
  Downloaded base-x v0.2.11
  Downloaded nom v7.1.3
  Downloaded num-bigint v0.4.6
  Downloaded async-process v2.3.0
  Downloaded async-task v4.7.1
  Downloaded pest_generator v2.8.0
  Downloaded yamux v0.13.4
  Downloaded petgraph v0.6.5
  Downloaded pem v3.0.5
  Downloaded bitcoin_hashes v0.13.0
  Downloaded pin-project-internal v1.1.10
  Downloaded predicates v3.1.3
  Downloaded iana-time-zone v0.1.63
  Downloaded predicates-core v1.0.9
  Downloaded parking_lot v0.11.2
  Downloaded cranelift-codegen v0.95.1
  Downloaded sc-informant v0.48.0
  Downloaded rand_core v0.6.4
  Downloaded libp2p-core v0.42.0
  Downloaded proc-macro-error2 v2.0.1
  Downloaded ref-cast v1.0.24
  Downloaded ref-cast-impl v1.0.24
  Downloaded base64 v0.21.7
  Downloaded quinn-udp v0.5.12
  Downloaded quote v1.0.40
  Downloaded regex-automata v0.4.9
  Downloaded xml-rs v0.8.26
  Downloaded prometheus-client v0.22.3
  Downloaded sp-mixnet v0.14.0
  Downloaded libp2p-swarm-derive v0.35.0
  Downloaded lz4 v1.28.1
  Downloaded macro_magic_core_macros v0.5.1
  Downloaded sp-crypto-hashing v0.1.0
  Downloaded pallet-transaction-payment-rpc v43.0.0
  Downloaded pallet-transaction-payment-rpc-runtime-api v40.0.0
  Downloaded prometheus v0.13.4
  Downloaded quick-protobuf v0.8.1
  Downloaded salsa20 v0.10.2
  Downloaded same-file v1.0.6
  Downloaded scopeguard v1.2.0
  Downloaded scratch v1.0.8
  Downloaded signature v2.2.0
  Downloaded sp-database v10.0.0
  Downloaded libp2p-mdns v0.46.0
  Downloaded rustls-pki-types v1.12.0
  Downloaded sec1 v0.7.3
  Downloaded serde_bytes v0.11.17
  Downloaded strum v0.26.3
  Downloaded terminal_size v0.4.2
  Downloaded partial_sort v0.2.0
  Downloaded ip_network v0.4.1
  Downloaded scale-info v2.11.6
  Downloaded sp-staking v38.0.0
  Downloaded static_init_macro v1.0.4
  Downloaded sc-tracing v39.0.0
  Downloaded jsonrpsee-ws-client v0.24.9
  Downloaded blake2 v0.8.1
  Downloaded strum v0.24.1
  Downloaded wasm-timer v0.2.5
  Downloaded dtoa v1.0.10
  Downloaded frame-system v40.1.0
  Downloaded kvdb-rocksdb v0.19.0
  Downloaded num_cpus v1.16.0
  Downloaded tokio-rustls v0.26.2
  Downloaded zstd v0.11.2+zstd.1.5.2
  Downloaded arrayref v0.3.9
  Downloaded sp-maybe-compressed-blob v11.0.0
  Downloaded tracing-attributes v0.1.28
  Downloaded frame-system-rpc-runtime-api v36.0.0
  Downloaded frame-try-runtime v0.46.0
  Downloaded icu_properties v2.0.0
  Downloaded icu_provider v2.0.0
  Downloaded polkadot-core-primitives v17.1.0
  Downloaded tracing-core v0.1.33
  Downloaded icu_normalizer v2.0.0
  Downloaded universal-hash v0.5.1
  Downloaded io-lifetimes v1.0.11
  Downloaded bitvec v1.0.1
  Downloaded polkadot-node-metrics v22.0.0
  Downloaded sc-proposer-metrics v0.20.0
  Downloaded trie-root v0.18.0
  Downloaded tuplex v0.1.2
  Downloaded unicode-xid v0.2.6
  Downloaded unsigned-varint v0.8.0
  Downloaded untrusted v0.7.1
  Downloaded wasmtime-jit-icache-coherence v8.0.1
  Downloaded rayon v1.10.0
  Downloaded sc-allocator v31.0.0
  Downloaded wasmtime-cache v8.0.1
  Downloaded time v0.3.41
  Downloaded tungstenite v0.26.2
  Downloaded frame-support-procedural v33.0.0
  Downloaded sp-weights v31.1.0
  Downloaded derive_more-impl v1.0.0
  Downloaded event-listener v2.5.3
  Downloaded sc-executor-polkavm v0.35.0
  Downloaded docify_macros v0.2.9
  Downloaded downcast v0.11.0
  Downloaded fixed-hash v0.8.0
  Downloaded gethostname v0.2.3
  Downloaded igd-next v0.14.3
  Downloaded indexmap v1.9.3
  Downloaded jsonrpsee-core v0.24.9
  Downloaded sp-offchain v36.0.0
  Downloaded x509-parser v0.16.0
  Downloaded x509-parser v0.17.0
  Downloaded fork-tree v13.0.1
  Downloaded libp2p-yamux v0.46.0
  Downloaded link-cplusplus v1.0.10
  Downloaded glob v0.3.2
  Downloaded sp-session v38.1.0
  Downloaded file-guard v0.2.0
  Downloaded futures-rustls v0.26.0
  Downloaded linked-hash-map v0.5.6
  Downloaded merlin v3.0.0
  Downloaded memory-db v0.32.0
  Downloaded multimap v0.10.1
  Downloaded polkadot-node-network-protocol v22.0.0
  Downloaded sc-consensus-slots v0.48.0
  Downloaded nanorand v0.7.0
  Downloaded netlink-packet-core v0.7.0
  Downloaded scale-decode v0.14.0
  Downloaded event-listener v5.4.0
  Downloaded log v0.4.27
  Downloaded multistream-select v0.13.0
  Downloaded ruzstd v0.6.0
  Downloaded sp-debug-derive v14.0.0
  Downloaded spin v0.5.2
  Downloaded memmap2 v0.9.5
  Downloaded anyhow v1.0.98
  Downloaded num-rational v0.4.2
  Downloaded w3f-pcs v0.0.2
  Downloaded wasmtime-jit v8.0.1
  Downloaded yasna v0.5.2
  Downloaded approx v0.5.1
  Downloaded ark-ff-asm v0.4.2
  Downloaded ark-ff-asm v0.5.0
  Downloaded ark-serialize v0.4.2
  Downloaded ark-serialize v0.5.0
  Downloaded fatality v0.1.1
  Downloaded ark-ff-macros v0.4.2
  Downloaded syn v1.0.109
  Downloaded ark-serialize-derive v0.4.2
  Downloaded powerfmt v0.2.0
  Downloaded predicates-tree v1.0.12
  Downloaded zstd v0.12.4
  Downloaded linregress v0.5.4
  Downloaded ppv-lite86 v0.2.21
  Downloaded frame-metadata-hash-extension v0.8.0
  Downloaded governor v0.6.3
  Downloaded allocator-api2 v0.2.21
  Downloaded xcm-procedural v11.0.2
  Downloaded zerofrom-derive v0.1.6
  Downloaded dyn-clonable v0.9.2
  Downloaded blake2b_simd v1.0.3
  Downloaded blake2s_simd v1.0.3
  Downloaded pest_meta v2.8.0
  Downloaded prost-build v0.13.5
  Downloaded icu_locale_core v2.0.0
  Downloaded libp2p-tls v0.5.0
  Downloaded ark-ff v0.4.2
  Downloaded ark-ff v0.5.0
  Downloaded pin-project v1.1.10
  Downloaded multihash-derive v0.8.1
  Downloaded quanta v0.12.5
  Downloaded rand_chacha v0.9.0
  Downloaded futures-util v0.3.31
  Downloaded sc-executor-common v0.38.0
  Downloaded sha3 v0.10.8
  Downloaded icu_normalizer_data v2.0.0
  Downloaded shlex v1.3.0
  Downloaded sp-api v36.0.1
  Downloaded subxt v0.38.1
  Downloaded sp-consensus-babe v0.42.1
  Downloaded sp-externalities v0.30.0
  Downloaded sp-genesis-builder v0.17.0
  Downloaded sp-inherents v36.0.0
  Downloaded unicode-width v0.2.0
  Downloaded secp256k1 v0.27.0
  Downloaded strum_macros v0.24.3
  Downloaded frame-executive v40.0.0
  Downloaded dirs v5.0.1
  Downloaded sp-core v36.1.0
  Downloaded names v0.14.0
  Downloaded rustls-webpki v0.101.7
  Downloaded sha2 v0.10.9
  Downloaded option-ext v0.2.0
  Downloaded time-core v0.1.4
  Downloaded tinyvec_macros v0.1.1
  Downloaded try-lock v0.2.5
  Downloaded blake3 v1.8.2
  Downloaded want v0.3.1
  Downloaded directories-next v2.0.0
  Downloaded dirs-sys v0.4.1
  Downloaded forwarded-header-value v0.1.1
  Downloaded fragile v2.0.1
  Downloaded frame-metadata v20.0.0
  Downloaded generic-array v0.14.7
  Downloaded termtree v0.5.1
  Downloaded fallible-iterator v0.3.0
  Downloaded resolv-conf v0.7.3
  Downloaded synstructure v0.12.6
  Downloaded tracing-log v0.2.0
  Downloaded twox-hash v1.6.3
  Downloaded impl-serde v0.5.0
  Downloaded toml_write v0.1.1
  Downloaded web-time v1.1.0
  Downloaded zerovec-derive v0.11.1
  Downloaded zstd-safe v5.0.2+zstd.1.5.2
  Downloaded fallible-iterator v0.2.0
  Downloaded form_urlencoded v1.2.1
  Downloaded libp2p-identity v0.2.11
  Downloaded sp-consensus-slots v0.42.1
  Downloaded educe v0.6.0
  Downloaded ahash v0.8.12
  Downloaded num-derive v0.4.2
  Downloaded arrayvec v0.4.12
  Downloaded sp-consensus-grandpa v23.1.0
  Downloaded multi-stash v0.2.0
  Downloaded untrusted v0.9.0
  Downloaded libp2p-tcp v0.42.0
  Downloaded zeroize v1.8.1
  Downloaded pallet-sudo v40.0.0
  Downloaded num-integer v0.1.46
  Downloaded rfc6979 v0.4.0
  Downloaded typenum v1.18.0
  Downloaded wasmtime-types v8.0.1
  Downloaded libp2p-quic v0.11.1
  Downloaded async-channel v1.9.0
  Downloaded libp2p-request-response v0.27.0
  Downloaded siphasher v0.3.11
  Downloaded ed25519-dalek v2.1.1
  Downloaded arrayvec v0.7.6
  Downloaded wasmtime-jit-debug v8.0.1
  Downloaded tt-call v1.0.9
  Downloaded sp-api-proc-macro v22.0.0
  Downloaded async-net v2.0.0
  Downloaded substrate-prometheus-endpoint v0.17.2
  Downloaded libz-sys v1.1.22
  Downloaded num-format v0.4.4
  Downloaded indexmap v2.9.0
  Downloaded async-lock v3.4.0
  Downloaded toml_edit v0.22.26
  Downloaded hyper-util v0.1.11
  Downloaded icu_collections v2.0.0
  Downloaded memchr v2.7.4
  Downloaded blake2-rfc v0.2.18
  Downloaded prometheus-client-derive-encode v0.4.2
  Downloaded hashbrown v0.13.2
  Downloaded lz4-sys v1.11.1+lz4-1.10.0
  Downloaded proc-macro-warning v1.84.1
  Downloaded password-hash v0.5.0
  Downloaded paste v1.0.15
  Downloaded prost-derive v0.12.6
  Downloaded rustls-native-certs v0.8.1
  Downloaded parking_lot_core v0.9.10
  Downloaded serdect v0.2.0
  Downloaded sc-sysinfo v42.0.0
  Downloaded sha1 v0.10.6
  Downloaded sha2 v0.9.9
  Downloaded proc-macro2 v1.0.95
  Downloaded snap v1.1.1
  Downloaded finality-grandpa v0.16.3
  Downloaded h2 v0.3.26
  Downloaded stable_deref_trait v1.2.0
  Downloaded sp-io v40.0.1
  Downloaded futures-io v0.3.31
  Downloaded sc-rpc-spec-v2 v0.49.1
  Downloaded wasm-opt-cxx-sys v0.116.0
  Downloaded quick-protobuf-codec v0.3.1
  Downloaded sc-network-common v0.48.0
  Downloaded sc-runtime-utilities v0.2.0
  Downloaded derive-where v1.4.0
  Downloaded jsonrpsee-server v0.24.9
  Downloaded static_init v1.0.3
  Downloaded frame-metadata v17.0.0
  Downloaded aho-corasick v1.1.3
  Downloaded ark-ec v0.4.2
  Downloaded rand_core v0.9.3
  Downloaded ripemd v0.1.3
  Downloaded base58 v0.2.0
  Downloaded tiny-keccak v2.0.2
  Downloaded sc-executor-wasmtime v0.38.0
  Downloaded sc-network v0.49.1
  Downloaded subxt-macro v0.38.1
  Downloaded ucd-trie v0.1.7
  Downloaded zeroize_derive v1.4.2
  Downloaded fdlimit v0.3.0
  Downloaded futures-sink v0.3.31
  Downloaded fastrand v2.3.0
  Downloaded fxhash v0.2.1
  Downloaded object v0.30.4
  Downloaded sc-consensus-aura v0.49.0
  Downloaded semver v0.6.0
  Downloaded fatality-proc-macro v0.1.1
  Downloaded lru v0.12.5
  Downloaded ff v0.13.1
  Downloaded futures-task v0.3.31
  Downloaded futures-timer v3.0.3
  Downloaded openssl-probe v0.1.6
  Downloaded adler2 v2.0.0
  Downloaded scale-bits v0.6.0
  Downloaded sp-panic-handler v13.0.2
  Downloaded hickory-resolver v0.24.4
  Downloaded http v0.2.12
  Downloaded yoke v0.8.0
  Downloaded trie-db v0.30.0
  Downloaded sc-basic-authorship v0.49.0
  Downloaded array-bytes v6.2.3
  Downloaded libp2p-upnp v0.3.0
  Downloaded base16ct v0.2.0
  Downloaded expander v2.2.1
  Downloaded lru-cache v0.1.2
  Downloaded sp-authority-discovery v36.0.0
  Downloaded subtle v1.0.0
  Downloaded mockall_derive v0.13.1
  Downloaded once_cell v1.21.3
  Downloaded sc-client-db v0.46.0
  Downloaded bitflags v1.3.2
  Downloaded bitcoin-io v0.1.3
  Downloaded radium v0.7.0
  Downloaded rand_pcg v0.3.1
  Downloaded rw-stream-sink v0.4.0
  Downloaded simba v0.9.0
  Downloaded sp-rpc v34.0.0
  Downloaded subxt-utils-fetchmetadata v0.38.1
  Downloaded wasmtime-cranelift v8.0.1
  Downloaded wasmi_core v0.32.3
  Downloaded blake2 v0.10.6
  Downloaded sc-utils v18.0.1
  Downloaded uint v0.9.5
  Downloaded zstd-safe v6.0.6
  Downloaded object v0.36.7
  Downloaded bitcoin_hashes v0.14.0
  Downloaded bitflags v2.9.0
  Downloaded libp2p-websocket v0.44.0
  Downloaded sc-state-db v0.38.0
  Downloaded subxt-core v0.38.1
  Downloaded zerotrie v0.2.2
  Downloaded multihash v0.17.0
  Downloaded sp-version v39.0.0
  Downloaded multihash v0.19.3
  Downloaded scale-info-derive v2.11.6
  Downloaded ark-ec v0.5.0
  Downloaded utf8parse v0.2.2
  Downloaded rustls v0.23.27
  Downloaded time-macros v0.2.22
  Downloaded w3f-plonk-common v0.0.2
  Downloaded smallvec v1.15.0
  Downloaded wasm-instrument v0.4.0
  Downloaded zerovec v0.11.2
  Downloaded nonempty v0.7.0
  Downloaded polkadot-parachain-primitives v16.1.0
  Downloaded filetime v0.2.25
  Downloaded async-channel v2.3.1
  Downloaded k256 v0.13.4
  Downloaded parking v2.2.1
  Downloaded orchestra-proc-macro v0.4.0
  Downloaded itertools v0.10.5
  Downloaded sharded-slab v0.1.7
  Downloaded writeable v0.6.1
  Downloaded ed25519 v2.2.3
  Downloaded prioritized-metered-channel v0.6.1
  Downloaded http v1.3.1
  Downloaded snow v0.9.6
  Downloaded pkg-config v0.3.32
  Downloaded winnow v0.7.10
  Downloaded asynchronous-codec v0.7.0
  Downloaded sc-block-builder v0.44.0
  Downloaded sc-network-gossip v0.49.0
  Downloaded serde v1.0.219
  Downloaded derive_more v0.99.20
  Downloaded multiaddr v0.17.1
  Downloaded ark-bls12-381 v0.5.0
  Downloaded matrixmultiply v0.3.10
  Downloaded sc-consensus-grandpa v0.34.0
  Downloaded futures v0.3.31
  Downloaded libp2p-swarm v0.45.1
  Downloaded nonzero_ext v0.3.0
  Downloaded opaque-debug v0.2.3
  Downloaded tinyvec v1.9.0
  Downloaded unicode-normalization v0.1.22
  Downloaded orchestra v0.4.0
  Downloaded nix v0.26.4
  Downloaded num-traits v0.2.19
  Downloaded parity-scale-codec v3.7.4
  Downloaded petgraph v0.7.1
  Downloaded smoldot v0.18.0
  Downloaded polkavm-common v0.18.0
  Downloaded futures-lite v2.6.0
  Downloaded atomic-take v1.1.0
  Downloaded binary-merkle-tree v16.0.0
  Downloaded rand_chacha v0.3.1
  Downloaded regalloc2 v0.6.1
  Downloaded route-recognizer v0.3.1
  Downloaded sc-consensus v0.48.0
  Downloaded target-lexicon v0.12.16
  Downloaded generic-array v0.12.4
  Downloaded bincode v1.3.3
  Downloaded sc-offchain v44.0.0
  Downloaded sp-application-crypto v40.1.0
  Downloaded tinystr v0.8.1
  Downloaded dirs-sys-next v0.1.2
  Downloaded parking_lot v0.12.3
  Downloaded parking_lot_core v0.8.6
  Downloaded wide v0.7.32
  Downloaded rand v0.8.5
  Downloaded sp-state-machine v0.45.0
  Downloaded simple-mermaid v0.1.1
  Downloaded siphasher v1.0.1
  Downloaded sp-timestamp v36.0.0
  Downloaded subxt-signer v0.38.1
  Downloaded void v1.0.2
  Downloaded futures-bounded v0.2.4
  Downloaded ecdsa v0.16.9
  Downloaded sp-runtime-interface v29.0.1
  Downloaded pallet-aura v39.0.0
  Downloaded equivalent v1.0.2
  Downloaded errno v0.3.11
  Downloaded futures-core v0.3.31
  Downloaded no-std-compat v0.4.1
  Downloaded wyz v0.5.1
  Downloaded macro_magic v0.5.1
  Downloaded netlink-packet-utils v0.5.2
  Downloaded nodrop v0.1.14
  Downloaded either v1.15.0
  Downloaded regex-automata v0.1.10
  Downloaded netlink-sys v0.8.7
  Downloaded sp-arithmetic v26.1.0
  Downloaded webpki-roots v0.25.4
  Downloaded rocksdb v0.21.0
  Downloaded itertools v0.11.0
  Downloaded netlink-proto v0.11.5
  Downloaded rustix v0.38.44
  Downloaded tikv-jemalloc-ctl v0.5.4
  Downloaded proc-macro-crate v1.1.3
  Downloaded hashbrown v0.14.5
  Downloaded hashbrown v0.15.3
  Downloaded proc-macro-crate v3.3.0
  Downloaded sp-runtime-interface-proc-macro v18.0.0
  Downloaded frame-support v40.1.0
  Downloaded proc-macro-error v1.0.4
  Downloaded rustversion v1.0.20
  Downloaded opaque-debug v0.3.1
  Downloaded prost v0.13.5
  Downloaded aead v0.5.2
  Downloaded asn1-rs-derive v0.5.1
  Downloaded ryu v1.0.20
  Downloaded wasmi_collections v0.32.3
  Downloaded tokio-macros v2.5.0
  Downloaded unicode-segmentation v1.12.0
  Downloaded version_check v0.9.5
  Downloaded yoke-derive v0.8.0
  Downloaded docify v0.2.9
  Downloaded macro_magic_macros v0.5.1
  Downloaded nohash-hasher v0.2.0
  Downloaded peeking_take_while v0.1.2
  Downloaded percent-encoding v2.3.1
  Downloaded zerofrom v0.1.6
  Downloaded exit-future v0.2.0
  Downloaded schnellru v0.2.4
  Downloaded simple-dns v0.9.3
  Downloaded ss58-registry v1.51.0
  Downloaded static_assertions v1.1.0
  Downloaded h2 v0.4.10
  Downloaded sc-authority-discovery v0.49.0
  Downloaded polkavm-linker v0.18.0
  Downloaded mixnet v0.7.0
  Downloaded staging-xcm v16.1.0
  Downloaded futures-channel v0.3.31
  Downloaded sc-client-api v39.0.0
  Downloaded libsecp256k1-core v0.3.0
  Downloaded sp-consensus v0.42.0
  Downloaded sp-version-proc-macro v15.0.0
  Downloaded sc-executor v0.42.0
  Downloaded piper v0.2.4
  Downloaded tracing-futures v0.2.5
  Downloaded itertools v0.12.1
  Downloaded pest_derive v2.8.0
  Downloaded polkadot-primitives v18.1.0
  Downloaded tempfile v3.20.0
  Downloaded zerocopy v0.8.25
  Downloaded dyn-clone v1.0.19
  Downloaded rand_distr v0.4.3
  Downloaded sc-chain-spec v42.0.0
  Downloaded sc-network-light v0.48.0
  Downloaded serde_derive v1.0.219
  Downloaded gimli v0.31.1
  Downloaded fs2 v0.4.3
  Downloaded funty v2.0.0
  Downloaded matchers v0.1.0
  Downloaded futures-executor v0.3.31
  Downloaded gimli v0.27.3
  Downloaded ring v0.17.14
  Downloaded file-per-thread-logger v0.1.6
  Downloaded serde_spanned v0.6.8
  Downloaded sp-consensus-aura v0.42.0
  Downloaded sp-storage v22.0.0
  Downloaded sp-tracing v17.1.0
  Downloaded fs-err v2.11.0
  Downloaded sc-service v0.50.0
  Downloaded pest v2.8.0
  Downloaded pkcs8 v0.10.2
  Downloaded signal-hook-registry v1.4.5
  Downloaded network-interface v2.0.1
  Downloaded sp-runtime v41.1.0
  Downloaded unicode-ident v1.0.18
  Downloaded zstd-sys v2.0.15+zstd.1.5.7
  Downloaded libsecp256k1-gen-ecmult v0.3.0
  Downloaded backtrace v0.3.75
  Downloaded rayon-core v1.12.1
  Downloaded serde_json v1.0.140
  Downloaded wasmtime v8.0.1
  Downloaded lru-slab v0.1.2
  Downloaded libp2p-kad v0.46.2
  Downloaded lock_api v0.4.12
  Downloaded miniz_oxide v0.8.8
  Downloaded psm v0.1.26
  Downloaded sp-arithmetic v23.0.0
  Downloaded ark-bls12-377 v0.4.0
  Downloaded quinn v0.11.8
  Downloaded rustls-webpki v0.103.3
  Downloaded utf-8 v0.7.6
  Downloaded midly v0.5.3
  Downloaded w3f-ring-proof v0.0.2
  Downloaded utf8_iter v1.0.4
  Downloaded sc-network-transactions v0.48.0
  Downloaded nu-ansi-term v0.46.0
  Downloaded ark-ed-on-bls12-381-bandersnatch v0.5.0
  Downloaded tower-service v0.3.3
  Downloaded wasmtime-cranelift-shared v8.0.1
  Downloaded dyn-clonable-impl v0.9.2
  Downloaded event-listener-strategy v0.5.4
  Downloaded ark-transcript v0.0.3
  Downloaded tracing-gum v19.0.0
  Downloaded itertools v0.13.0
  Downloaded w3f-bls v0.1.9
  Downloaded async-trait v0.1.88
  Downloaded wasm-opt-sys v0.116.0
  Downloaded libm v0.2.15
  Downloaded asn1-rs v0.6.2
  Downloaded rcgen v0.11.3
  Downloaded rand v0.9.1
  Downloaded xmltree v0.10.3
  Downloaded libsecp256k1-gen-genmult v0.3.0
  Downloaded scale-type-resolver v0.2.0
  Downloaded semver v1.0.26
  Downloaded litemap v0.8.0
  Downloaded rtnetlink v0.13.1
  Downloaded primitive-types v0.13.1
  Downloaded sp-statement-store v20.1.0
  Downloaded digest v0.10.7
  Downloaded yamux v0.12.1
  Downloaded futures-macro v0.3.31
  Downloaded pallet-authorship v40.0.0
  Downloaded sp-trie v39.1.0
  Downloaded tikv-jemalloc-sys v0.5.4+5.3.0-patched
  Downloaded async-io v2.4.0
  Downloaded semver-parser v0.7.0
  Downloaded sp-std v14.0.0
  Downloaded tower-http v0.5.2
  Downloaded num-conv v0.1.0
  Downloaded strum_macros v0.26.4
  Downloaded subxt-lightclient v0.38.1
  Downloaded wasmi v0.32.3
  Downloaded addr2line v0.19.0
  Downloaded linked_hash_set v0.1.5
  Downloaded substrate-bip39 v0.6.0
  Downloaded asynchronous-codec v0.6.2
  Downloaded tracing-gum-proc-macro v5.0.0
  Downloaded linux-raw-sys v0.9.4
  Downloaded secp256k1-sys v0.9.2
  Downloaded secp256k1-sys v0.10.1
  Downloaded aquamarine v0.5.0
  Downloaded secp256k1-sys v0.8.1
  Downloaded polkavm-linux-raw v0.18.0
  Downloaded substrate-build-script-utils v11.0.0
  Downloaded idna v1.0.3
  Downloaded itertools v0.14.0
  Downloaded sc-tracing-proc-macro v11.1.0
  Downloaded sc-transaction-pool-api v39.0.0
  Downloaded frame-benchmarking-cli v47.0.0
  Downloaded sc-rpc-server v21.0.0
  Downloaded netlink-packet-route v0.17.1
  Downloaded scale-value v0.17.0
  Downloaded base64ct v1.7.3
  Downloaded sc-network-types v0.15.3
  Downloaded wasmtime-environ v8.0.1
  Downloaded frame-system-benchmarking v40.0.0
  Downloaded wasmparser-nostd v0.100.2
  Downloaded polkadot-statement-table v19.0.0
  Downloaded pallet-transaction-payment v40.0.0
  Downloaded memfd v0.6.4
  Downloaded termcolor v1.4.1
  Downloaded frame-decode v0.5.1
  Downloaded pallet-timestamp v39.0.0
  Downloaded tower-layer v0.3.3
  Downloaded hyper v1.6.0
  Downloaded memmap2 v0.5.10
  Downloaded portable-atomic v1.11.0
  Downloaded sp-transaction-pool v36.0.0
  Downloaded autocfg v1.4.0
  Downloaded ark-vrf v0.1.0
  Downloaded icu_properties_data v2.0.0
  Downloaded parity-scale-codec-derive v3.7.4
  Downloaded polkadot-overseer v22.0.0
  Downloaded rpassword v7.4.0
  Downloaded getrandom v0.2.16
  Downloaded thiserror v1.0.69
  Downloaded scale-typegen v0.9.0
  Downloaded prost-derive v0.13.5
  Downloaded safe_arch v0.7.4
  Downloaded schnorrkel v0.11.4
  Downloaded secp256k1 v0.28.2
  Downloaded spin v0.9.8
  Downloaded substrate-wasm-builder v26.0.1
  Downloaded wasmtime-runtime v8.0.1
  Downloaded derive_more v1.0.0
  Downloaded directories v5.0.1
  Downloaded frame-benchmarking v40.0.0
  Downloaded hkdf v0.12.4
  Downloaded hyper v0.14.32
  Downloaded pallet-balances v41.1.0
  Downloaded polkadot-sdk v0.7.0
  Downloaded regalloc2 v0.9.3
  Downloaded subxt-metadata v0.38.1
  Downloaded prettyplease v0.2.32
  Downloaded rustls-platform-verifier v0.5.3
  Downloaded mio v1.0.3
  Downloaded parity-bip39 v2.0.1
  Downloaded asn1-rs v0.7.1
  Downloaded sc-transaction-pool v39.0.0
  Downloaded wasmparser v0.102.0
  Downloaded tower v0.4.13
  Downloaded handlebars v5.1.2
  Downloaded tracing v0.1.41
  Downloaded sc-network-sync v0.48.0
  Downloaded quinn-proto v0.11.12
  Downloaded aes v0.8.4
  Downloaded smoldot-light v0.16.2
  Downloaded polkavm v0.18.0
  Downloaded tracing-subscriber v0.3.19
  Downloaded rustix v0.36.17
  Downloaded regex v1.11.1
  Downloaded syn v2.0.101
  Downloaded smol v2.0.2
  Downloaded hickory-proto v0.24.4
  Downloaded nalgebra v0.33.2
  Downloaded litep2p v0.9.4
  Downloaded rustix v1.0.7
  Downloaded ark-bls12-381 v0.4.0
  Downloaded wasm-opt v0.116.1
  Downloaded libc v0.2.172
  Downloaded tokio v1.45.0
  Downloaded linux-raw-sys v0.1.4
  Downloaded linux-raw-sys v0.4.15
  Downloaded ring v0.16.20
  Downloaded librocksdb-sys v0.11.0+8.1.1
   Compiling proc-macro2 v1.0.95
   Compiling unicode-ident v1.0.18
   Compiling libc v0.2.172
   Compiling cfg-if v1.0.0
   Compiling version_check v0.9.5
   Compiling autocfg v1.4.0
   Compiling typenum v1.18.0
   Compiling serde v1.0.219
   Compiling zerocopy v0.8.25
   Compiling memchr v2.7.4
   Compiling smallvec v1.15.0
   Compiling shlex v1.3.0
   Compiling bytes v1.10.1
   Compiling hashbrown v0.15.3
   Compiling equivalent v1.0.2
   Compiling subtle v2.6.1
   Compiling log v0.4.27
   Compiling pin-project-lite v0.2.16
   Compiling once_cell v1.21.3
   Compiling thiserror v1.0.69
   Compiling winnow v0.7.10
   Compiling toml_write v0.1.1
   Compiling futures-core v0.3.31
   Compiling const-oid v0.9.6
   Compiling futures-io v0.3.31
   Compiling futures-sink v0.3.31
   Compiling rustversion v1.0.20
   Compiling scopeguard v1.2.0
   Compiling parking_lot_core v0.9.10
   Compiling unicode-xid v0.2.6
   Compiling byteorder v1.5.0
   Compiling futures-task v0.3.31
   Compiling cpufeatures v0.2.17
   Compiling generic-array v0.14.7
   Compiling pin-utils v0.1.0
   Compiling futures-channel v0.3.31
   Compiling stable_deref_trait v1.2.0
   Compiling lock_api v0.4.12
   Compiling indexmap v2.9.0
   Compiling slab v0.4.9
   Compiling anyhow v1.0.98
   Compiling arrayvec v0.7.6
   Compiling radium v0.7.0
   Compiling static_assertions v1.1.0
   Compiling tracing-core v0.1.33
   Compiling litemap v0.8.0
   Compiling writeable v0.6.1
   Compiling icu_normalizer_data v2.0.0
   Compiling icu_properties_data v2.0.0
   Compiling libm v0.2.15
   Compiling semver v1.0.26
   Compiling num-traits v0.2.19
   Compiling percent-encoding v2.3.1
   Compiling utf8_iter v1.0.4
   Compiling regex-syntax v0.8.5
   Compiling getrandom v0.3.3
   Compiling aho-corasick v1.1.3
   Compiling arrayref v0.3.9
   Compiling itoa v1.0.15
   Compiling form_urlencoded v1.2.1
   Compiling tap v1.0.1
   Compiling funty v2.0.0
   Compiling prettyplease v0.2.32
   Compiling allocator-api2 v0.2.21
   Compiling quote v1.0.40
   Compiling byte-slice-cast v1.2.3
   Compiling either v1.15.0
   Compiling wyz v0.5.1
   Compiling jobserver v0.1.33
   Compiling ahash v0.8.12
   Compiling crunchy v0.2.3
   Compiling pkg-config v0.3.32
   Compiling hex v0.4.3
   Compiling paste v1.0.15
   Compiling syn v2.0.101
   Compiling cc v1.2.22
   Compiling indexmap v1.9.3
   Compiling getrandom v0.2.16
   Compiling const_format_proc_macros v0.2.34
   Compiling num_cpus v1.16.0
   Compiling bitflags v2.9.0
   Compiling hashbrown v0.12.3
   Compiling regex-automata v0.4.9
   Compiling ppv-lite86 v0.2.21
   Compiling crossbeam-utils v0.8.21
   Compiling rand_core v0.6.4
   Compiling bitflags v1.3.2
   Compiling keccak v0.1.5
   Compiling parking_lot v0.12.3
   Compiling constant_time_eq v0.3.1
   Compiling lazy_static v1.5.0
   Compiling target-lexicon v0.12.16
   Compiling fallible-iterator v0.2.0
   Compiling parity-scale-codec v3.7.4
   Compiling cranelift-isle v0.95.1
   Compiling rand_chacha v0.3.1
   Compiling tinyvec_macros v0.1.1
   Compiling uint v0.10.0
   Compiling rustc-hex v2.1.0
   Compiling blake2b_simd v1.0.3
   Compiling fs-err v2.11.0
   Compiling cranelift-codegen-shared v0.95.1
   Compiling crc32fast v1.4.2
   Compiling time-core v0.1.4
   Compiling crypto-common v0.1.6
   Compiling block-buffer v0.10.4
   Compiling tinyvec v1.9.0
   Compiling cranelift-codegen-meta v0.95.1
   Compiling rand v0.8.5
   Compiling powerfmt v0.2.0
   Compiling integer-sqrt v0.1.5
   Compiling hashbrown v0.13.2
   Compiling num-conv v0.1.0
   Compiling digest v0.10.7
   Compiling expander v2.2.1
   Compiling file-guard v0.2.0
   Compiling fxhash v0.2.1
   Compiling slice-group-by v0.3.1
   Compiling io-lifetimes v1.0.11
   Compiling impl-num-traits v0.2.0
   Compiling deranged v0.4.0
   Compiling hashbrown v0.14.5
   Compiling const_format v0.2.34
   Compiling termcolor v1.4.1
   Compiling regex v1.11.1
   Compiling rustix v0.36.17
   Compiling blake2 v0.10.6
   Compiling time-macros v0.2.22
   Compiling regalloc2 v0.6.1
   Compiling zstd-sys v2.0.15+zstd.1.5.7
   Compiling bumpalo v3.17.0
   Compiling serde_json v1.0.140
   Compiling errno v0.3.11
   Compiling ryu v1.0.20
   Compiling fixed-hash v0.8.0
   Compiling rustix v0.38.44
   Compiling Inflector v0.11.4
   Compiling linux-raw-sys v0.1.4
   Compiling memoffset v0.8.0
   Compiling zstd-safe v5.0.2+zstd.1.5.2
   Compiling base16ct v0.2.0
   Compiling linux-raw-sys v0.4.15
   Compiling base64 v0.22.1
   Compiling synstructure v0.13.2
   Compiling wasmtime-runtime v8.0.1
   Compiling crossbeam-epoch v0.9.18
   Compiling digest v0.9.0
   Compiling ff v0.13.1
   Compiling is-terminal v0.4.16
   Compiling rustc-demangle v0.1.24
   Compiling rayon-core v1.12.1
   Compiling humantime v2.2.0
   Compiling cpp_demangle v0.3.5
   Compiling bitcoin-internals v0.2.0
   Compiling group v0.13.0
   Compiling crossbeam-deque v0.8.6
   Compiling libsecp256k1-core v0.3.0
   Compiling psm v0.1.26
   Compiling dirs-sys-next v0.1.2
   Compiling itertools v0.10.5
   Compiling wasmtime-asm-macros v8.0.1
   Compiling regex-syntax v0.6.29
   Compiling ref-cast v1.0.24
   Compiling wasmtime-cache v8.0.1
   Compiling opaque-debug v0.3.1
   Compiling wasmtime-jit-icache-coherence v8.0.1
   Compiling wasmtime v8.0.1
   Compiling directories-next v2.0.0
   Compiling base64ct v1.7.3
   Compiling hash-db v0.16.0
   Compiling base64 v0.21.7
   Compiling overload v0.1.1
   Compiling cranelift-codegen v0.95.1
   Compiling hex-conservative v0.1.2
   Compiling libsecp256k1-gen-ecmult v0.3.0
   Compiling nu-ansi-term v0.46.0
   Compiling libsecp256k1-gen-genmult v0.3.0
   Compiling password-hash v0.5.0
   Compiling time v0.3.41
   Compiling getrandom_or_panic v0.0.3
   Compiling unicode-normalization v0.1.22
   Compiling secp256k1-sys v0.9.2
   Compiling sharded-slab v0.1.7
   Compiling tracing-log v0.2.0
   Compiling serde_derive v1.0.219
   Compiling zeroize_derive v1.4.2
   Compiling thiserror-impl v1.0.69
   Compiling futures-macro v0.3.31
   Compiling zerofrom-derive v0.1.6
   Compiling displaydoc v0.2.5
   Compiling yoke-derive v0.8.0
   Compiling zerovec-derive v0.11.1
   Compiling impl-trait-for-tuples v0.2.3
   Compiling tracing-attributes v0.1.28
   Compiling derive_more-impl v1.0.0
   Compiling curve25519-dalek-derive v0.1.1
   Compiling env_logger v0.10.2
   Compiling memfd v0.6.4
   Compiling regex-automata v0.1.10
   Compiling ref-cast-impl v1.0.24
   Compiling sp-debug-derive v14.0.0
   Compiling file-per-thread-logger v0.1.6
   Compiling bitcoin_hashes v0.13.0
   Compiling rayon v1.10.0
   Compiling thread_local v1.1.8
   Compiling sp-std v14.0.0
   Compiling libsecp256k1 v0.7.2
   Compiling matchers v0.1.0
   Compiling zeroize v1.8.1
   Compiling dyn-clonable-impl v0.9.2
   Compiling futures-util v0.3.31
   Compiling dyn-clone v1.0.19
   Compiling environmental v1.1.4
   Compiling derive-syn-parse v0.2.0
   Compiling num-format v0.4.4
   Compiling same-file v1.0.6
   Compiling hash256-std-hasher v0.15.2
   Compiling der v0.7.10
   Compiling merlin v3.0.0
   Compiling secrecy v0.8.0
   Compiling itertools v0.11.0
   Compiling walkdir v2.5.0
   Compiling array-bytes v6.2.3
   Compiling nohash-hasher v0.2.0
   Compiling common-path v1.0.0
   Compiling zerofrom v0.1.6
   Compiling tracing v0.1.41
   Compiling object v0.36.7
   Compiling adler2 v2.0.0
   Compiling yoke v0.8.0
   Compiling crypto-bigint v0.5.5
   Compiling crypto-mac v0.8.0
   Compiling block-buffer v0.9.0
   Compiling tracing-subscriber v0.3.19
   Compiling dyn-clonable v0.9.2
   Compiling derive_more v1.0.0
   Compiling spki v0.7.3
   Compiling gimli v0.31.1
   Compiling miniz_oxide v0.8.8
   Compiling zerovec v0.11.2
   Compiling zerotrie v0.2.2
   Compiling hmac v0.8.1
   Compiling pkcs8 v0.10.2
   Compiling sha2 v0.9.9
   Compiling memory-db v0.32.0
   Compiling trie-root v0.18.0
   Compiling trie-db v0.30.0
   Compiling schnellru v0.2.4
   Compiling sp-io v40.0.1
   Compiling hmac-drbg v0.3.0
   Compiling sha2 v0.10.9
   Compiling signature v2.2.0
   Compiling hmac v0.12.1
   Compiling sha3 v0.10.8
   Compiling twox-hash v1.6.3
   Compiling futures-executor v0.3.31
   Compiling pbkdf2 v0.12.2
   Compiling ed25519 v2.2.3
   Compiling rfc6979 v0.4.0
   Compiling tinystr v0.8.1
   Compiling potential_utf v0.1.2
   Compiling bs58 v0.5.1
   Compiling sp-crypto-hashing v0.1.0
   Compiling tuplex v0.1.2
   Compiling futures v0.3.31
   Compiling simple-mermaid v0.1.1
   Compiling addr2line v0.24.2
   Compiling icu_collections v2.0.0
   Compiling async-trait v0.1.88
   Compiling icu_locale_core v2.0.0
   Compiling parity-wasm v0.45.0
   Compiling toml_datetime v0.6.9
   Compiling serde_spanned v0.6.8
   Compiling proc-macro-warning v1.84.1
   Compiling tokio-macros v2.5.0
   Compiling signal-hook-registry v1.4.5
   Compiling bitvec v1.0.1
   Compiling toml_edit v0.22.26
   Compiling cranelift-entity v0.95.1
   Compiling rustc_version v0.4.1
   Compiling impl-serde v0.5.0
   Compiling serdect v0.2.0
   Compiling bincode v1.3.3
   Compiling toml v0.5.11
   Compiling serde_bytes v0.11.17
   Compiling parity-bip39 v2.0.1
   Compiling socket2 v0.5.9
   Compiling icu_provider v2.0.0
   Compiling backtrace v0.3.75
   Compiling mio v1.0.3
   Compiling syn v1.0.109
   Compiling sec1 v0.7.3
   Compiling gimli v0.27.3
   Compiling cranelift-bforest v0.95.1
   Compiling object v0.30.4
   Compiling heck v0.5.0
   Compiling fnv v1.0.7
   Compiling curve25519-dalek v4.1.3
   Compiling thiserror v2.0.12
   Compiling icu_properties v2.0.0
   Compiling icu_normalizer v2.0.0
   Compiling ss58-registry v1.51.0
   Compiling sp-panic-handler v13.0.2
   Compiling thiserror-impl v2.0.12
   Compiling elliptic-curve v0.13.8
   Compiling tokio v1.45.0
   Compiling proc-macro-error-attr v1.0.4
   Compiling proc-macro-error v1.0.4
   Compiling futures-timer v3.0.3
   Compiling pin-project-internal v1.1.10
   Compiling proc-macro-crate v3.3.0
   Compiling toml v0.8.22
   Compiling data-encoding v2.9.0
   Compiling ecdsa v0.16.9
   Compiling foldhash v0.1.5
   Compiling idna_adapter v1.2.1
   Compiling http v1.3.1
   Compiling core2 v0.4.0
   Compiling asynchronous-codec v0.6.2
   Compiling base-x v0.2.11
   Compiling httparse v1.10.1
   Compiling hkdf v0.12.4
   Compiling quick-protobuf v0.8.1
   Compiling idna v1.0.3
   Compiling zstd-safe v6.0.6
   Compiling addr2line v0.19.0
   Compiling web-time v1.1.0
   Compiling rustix v1.0.7
   Compiling wasmtime-jit-debug v8.0.1
   Compiling k256 v0.13.4
   Compiling parity-scale-codec-derive v3.7.4
   Compiling scale-info-derive v2.11.6
   Compiling sp-runtime-interface-proc-macro v18.0.0
   Compiling ed25519-dalek v2.1.1
   Compiling schnorrkel v0.11.4
   Compiling ed25519-zebra v4.0.3
   Compiling docify_macros v0.2.9
   Compiling sp-crypto-hashing-proc-macro v0.1.0
   Compiling sp-api-proc-macro v22.0.0
   Compiling pin-project v1.1.10
   Compiling data-encoding-macro-internal v0.1.16
   Compiling unsigned-varint v0.7.2
   Compiling url v2.5.4
   Compiling ring v0.17.14
   Compiling linux-raw-sys v0.9.4
   Compiling substrate-bip39 v0.6.0
   Compiling rw-stream-sink v0.4.0
   Compiling void v1.0.2
   Compiling tokio-util v0.7.15
   Compiling multistream-select v0.13.0
   Compiling wasmparser v0.102.0
   Compiling fastrand v2.3.0
   Compiling itertools v0.14.0
   Compiling untrusted v0.9.0
   Compiling http-body v1.0.1
   Compiling rustls-pki-types v1.12.0
   Compiling atomic-waker v1.1.2
   Compiling data-encoding-macro v0.1.18
   Compiling tower-service v0.3.3
   Compiling fixedbitset v0.5.7
   Compiling unsigned-varint v0.8.0
   Compiling rustls v0.23.27
   Compiling multibase v0.9.1
   Compiling try-lock v0.2.5
   Compiling lru v0.12.5
   Compiling petgraph v0.7.1
   Compiling libp2p-swarm-derive v0.35.0
   Compiling sha1 v0.10.6
   Compiling multimap v0.10.1
   Compiling h2 v0.4.10
   Compiling multihash v0.19.3
   Compiling tempfile v3.20.0
   Compiling want v0.3.1
   Compiling tiny-keccak v2.0.2
   Compiling httpdate v1.0.3
   Compiling http-body-util v0.1.3
   Compiling kvdb v0.13.0
   Compiling prometheus v0.13.4
   Compiling linked-hash-map v0.5.6
   Compiling ipnet v2.11.0
   Compiling polkavm-assembler v0.18.0
   Compiling enum-as-inner v0.6.1
   Compiling prost-derive v0.13.5
   Compiling netlink-packet-utils v0.5.2
   Compiling docify v0.2.9
   Compiling polkavm-linux-raw v0.18.0
   Compiling sp-database v10.0.0
   Compiling libp2p-identity v0.2.11
   Compiling snow v0.9.6
   Compiling wasm-instrument v0.4.0
   Compiling polkavm-common v0.18.0
   Compiling secp256k1 v0.28.2
   Compiling asynchronous-codec v0.7.0
   Compiling macro_magic_core_macros v0.5.1
   Compiling concurrent-queue v2.5.0
   Compiling netlink-packet-core v0.7.0
   Compiling scale-info v2.11.6
   Compiling impl-codec v0.7.1
   Compiling sp-storage v22.0.0
   Compiling sp-tracing v17.1.0
   Compiling binary-merkle-tree v16.0.0
   Compiling sp-version-proc-macro v15.0.0
   Compiling num-integer v0.1.46
   Compiling event-listener v2.5.3
   Compiling lru-cache v0.1.2
   Compiling netlink-sys v0.8.7
   Compiling x25519-dalek v2.0.1
   Compiling const-random-macro v0.1.16
   Compiling async-channel v1.9.0
   Compiling wasmtime-types v8.0.1
   Compiling futures-bounded v0.2.4
   Compiling resolv-conf v0.7.3
   Compiling sc-executor-wasmtime v0.38.0
   Compiling hickory-proto v0.24.4
   Compiling minimal-lexical v0.2.1
   Compiling netlink-packet-route v0.17.1
   Compiling quick-protobuf-codec v0.3.1
   Compiling polkavm v0.18.0
   Compiling soketto v0.8.1
   Compiling sp-externalities v0.30.0
   Compiling multiaddr v0.18.2
   Compiling netlink-proto v0.11.5
   Compiling yamux v0.13.4
   Compiling nom v7.1.3
   Compiling blake3 v1.8.2
   Compiling nix v0.26.4
   Compiling anstyle v1.0.10
   Compiling tokio-stream v0.1.17
   Compiling primitive-types v0.13.1
   Compiling wasmtime-environ v8.0.1
   Compiling bounded-collections v0.2.4
   Compiling sp-arithmetic v26.1.0
   Compiling frame-metadata v20.0.0
   Compiling prost v0.13.5
   Compiling const-random v0.1.18
   Compiling synstructure v0.12.6
   Compiling frame-support-procedural-tools-derive v12.0.0
   Compiling asn1-rs-derive v0.6.0
   Compiling proc-macro-crate v1.1.3
   Compiling prost-types v0.13.5
   Compiling libp2p-core v0.42.0
   Compiling macro_magic_core v0.5.1
   Compiling asn1-rs-impl v0.2.0
   Compiling uint v0.9.5
   Compiling hyper v1.6.0
   Compiling rusticata-macros v4.1.0
   Compiling rand_core v0.9.3
   Compiling include_dir_macros v0.7.4
   Compiling rtnetlink v0.13.1
   Compiling parking_lot_core v0.8.6
   Compiling sp-weights v31.1.0
   Compiling sp-metadata-ir v0.10.0
   Compiling prost-build v0.13.5
   Compiling sc-utils v18.0.1
   Compiling rand_chacha v0.9.0
   Compiling multihash-derive v0.8.1
   Compiling frame-support-procedural-tools v13.0.1
   Compiling macro_magic_macros v0.5.1
   Compiling cfg-expr v0.15.8
   Compiling include_dir v0.7.4
   Compiling blake2s_simd v1.0.3
   Compiling asn1-rs v0.7.1
   Compiling instant v0.1.13
   Compiling hickory-resolver v0.24.4
   Compiling mockall_derive v0.13.1
   Compiling openssl-probe v0.1.6
   Compiling oid-registry v0.8.1
   Compiling predicates-core v1.0.9
   Compiling libp2p-swarm v0.45.1
   Compiling hyper-util v0.1.11
   Compiling rustls-native-certs v0.8.1
   Compiling rand v0.9.1
   Compiling wasmtime-jit v8.0.1
   Compiling macro_magic v0.5.1
   Compiling aquamarine v0.5.0
   Compiling num-bigint v0.4.6
   Compiling yamux v0.12.1
   Compiling network-interface v2.0.1
   Compiling webpki-roots v0.25.4
   Compiling utf-8 v0.7.6
   Compiling termtree v0.5.1
   Compiling tt-call v1.0.9
   Compiling litep2p v0.9.4
   Compiling frame-support-procedural v33.0.0
   Compiling predicates-tree v1.0.12
   Compiling libp2p-dns v0.42.0
   Compiling parking_lot v0.11.2
   Compiling predicates v3.1.3
   Compiling downcast v0.11.0
   Compiling fragile v2.0.1
   Compiling der-parser v10.0.0
   Compiling substrate-prometheus-endpoint v0.17.2
   Compiling multihash v0.17.0
   Compiling libp2p-yamux v0.46.0
   Compiling if-watch v3.2.1
   Compiling wasm-timer v0.2.5
   Compiling cid v0.11.1
   Compiling simple-dns v0.9.3
   Compiling yasna v0.5.2
   Compiling itertools v0.12.1
   Compiling sc-network v0.49.1
   Compiling linked_hash_set v0.1.5
   Compiling partial_sort v0.2.0
   Compiling ip_network v0.4.1
   Compiling convert_case v0.4.0
   Compiling iana-time-zone v0.1.63
   Compiling multiaddr v0.17.1
   Compiling libp2p-kad v0.46.2
   Compiling libp2p-allow-block-list v0.4.0
   Compiling libp2p-identify v0.45.0
   Compiling libp2p-request-response v0.27.0
   Compiling libp2p-connection-limits v0.4.0
   Compiling libp2p-ping v0.45.0
   Compiling cid v0.9.0
   Compiling derive_more v0.99.20
   Compiling chrono v0.4.41
   Compiling rustc-hash v1.1.0
   Compiling generic-array v0.12.4
   Compiling glob v0.3.2
   Compiling subtle v1.0.0
   Compiling prost-derive v0.12.6
   Compiling tower-layer v0.3.3
   Compiling x509-parser v0.17.0
   Compiling digest v0.8.1
   Compiling crypto-mac v0.7.0
   Compiling clang-sys v1.8.1
   Compiling jsonrpsee-types v0.24.9
   Compiling opaque-debug v0.2.3
   Compiling keystream v1.0.0
   Compiling byte-tools v0.3.1
   Compiling rustc-hash v2.1.1
   Compiling mockall v0.13.1
   Compiling tower v0.4.13
   Compiling finality-grandpa v0.16.3
   Compiling strum_macros v0.26.4
   Compiling cipher v0.2.5
   Compiling chacha v0.3.0
   Compiling blake2 v0.8.1
   Compiling tikv-jemalloc-sys v0.5.4+5.3.0-patched
   Compiling libloading v0.8.7
   Compiling libp2p-tcp v0.42.0
   Compiling cranelift-native v0.95.1
   Compiling cranelift-frontend v0.95.1
   Compiling libp2p-mdns v0.46.0
   Compiling jsonrpsee-core v0.24.9
   Compiling ident_case v1.0.1
   Compiling bindgen v0.65.1
   Compiling route-recognizer v0.3.1
   Compiling hex-literal v0.4.1
   Compiling wasmtime-cranelift-shared v8.0.1
   Compiling strsim v0.11.1
   Compiling cranelift-wasm v0.95.1
   Compiling lioness v0.1.2
   Compiling c2-chacha v0.3.3
   Compiling darling_core v0.20.11
   Compiling cexpr v0.6.0
   Compiling jsonrpsee-proc-macros v0.24.9
   Compiling prost v0.12.6
   Compiling sc-chain-spec-derive v12.0.0
   Compiling inout v0.1.4
   Compiling hashlink v0.8.4
   Compiling rand_distr v0.4.3
   Compiling memmap2 v0.9.5
   Compiling lazycell v1.3.0
   Compiling jsonrpsee-server v0.24.9
   Compiling scratch v1.0.8
   Compiling unicode-width v0.2.0
   Compiling peeking_take_while v0.1.2
   Compiling cipher v0.4.4
   Compiling mixnet v0.7.0
   Compiling sc-network-sync v0.48.0
   Compiling wasmtime-cranelift v8.0.1
   Compiling universal-hash v0.5.1
   Compiling link-cplusplus v1.0.10
   Compiling cfg_aliases v0.1.1
   Compiling polyval v0.6.2
   Compiling codespan-reporting v0.12.0
   Compiling fork-tree v13.0.1
   Compiling lz4-sys v1.11.1+lz4-1.10.0
   Compiling cxxbridge-flags v1.0.158
   Compiling cxx-build v1.0.158
   Compiling ghash v0.5.1
   Compiling console v0.15.11
   Compiling aes v0.8.4
   Compiling ctr v0.9.2
   Compiling cxx v1.0.158
   Compiling aead v0.5.2
   Compiling coarsetime v0.1.36
   Compiling snap v1.1.1
   Compiling portable-atomic v1.11.0
   Compiling static_init_macro v1.0.4
   Compiling darling_macro v0.20.11
   Compiling strum v0.26.3
   Compiling aes-gcm v0.10.3
   Compiling scale-type-resolver v0.2.0
   Compiling sc-tracing-proc-macro v11.1.0
   Compiling derive-where v1.4.0
   Compiling raw-cpuid v11.5.0
   Compiling jsonrpsee v0.24.9
   Compiling utf8parse v0.2.2
   Compiling static_init v1.0.3
   Compiling sc-network-light v0.48.0
   Compiling dashmap v5.5.3
   Compiling anstyle-parse v0.2.6
   Compiling scale-bits v0.6.0
   Compiling spinning_top v0.3.0
   Compiling fs2 v0.4.3
   Compiling memmap2 v0.5.10
   Compiling quanta v0.12.5
   Compiling anstyle-query v1.1.2
   Compiling darling v0.20.11
   Compiling siphasher v0.3.11
   Compiling is_terminal_polyfill v1.70.1
   Compiling option-ext v0.2.0
   Compiling no-std-compat v0.4.1
   Compiling nonzero_ext v0.3.0
   Compiling colorchoice v1.0.3
   Compiling nonempty v0.7.0
   Compiling wasm-opt-sys v0.116.0
   Compiling sc-sysinfo v42.0.0
   Compiling dirs-sys v0.4.1
   Compiling terminal_size v0.4.2
   Compiling tower-http v0.5.2
   Compiling governor v0.6.3
   Compiling anstream v0.6.18
   Compiling sc-authority-discovery v0.49.0
   Compiling zstd v0.11.2+zstd.1.5.2
   Compiling zstd v0.12.4
   Compiling scale-decode-derive v0.14.0
   Compiling forwarded-header-value v0.1.1
   Compiling kvdb-memorydb v0.13.0
   Compiling tracing-gum-proc-macro v5.0.0
   Compiling cxxbridge-macro v1.0.158
   Compiling crossbeam-queue v0.3.12
   Compiling rand_pcg v0.3.1
   Compiling nanorand v0.7.0
   Compiling sp-maybe-compressed-blob v11.0.0
   Compiling librocksdb-sys v0.11.0+8.1.1
   Compiling names v0.14.0
   Compiling clap_lex v0.7.4
   Compiling orchestra-proc-macro v0.4.0
   Compiling fixedbitset v0.4.2
   Compiling prioritized-metered-channel v0.6.1
   Compiling directories v5.0.1
   Compiling petgraph v0.6.5
   Compiling clap_builder v4.5.38
   Compiling wasm-opt-cxx-sys v0.116.0
   Compiling tracing-futures v0.2.5
   Compiling fatality-proc-macro v0.1.1
   Compiling clap_derive v4.5.32
   Compiling exit-future v0.2.0
   Compiling bounded-vec v0.7.1
   Compiling xcm-procedural v11.0.2
   Compiling rtoolbox v0.0.3
   Compiling bytemuck v1.23.0
   Compiling camino v1.1.9
   Compiling scale-decode v0.14.0
   Compiling safe_arch v0.7.4
   Compiling rpassword v7.4.0
   Compiling scale-encode-derive v0.8.0
   Compiling frame-metadata v17.0.0
   Compiling fdlimit v0.3.0
   Compiling matrixmultiply v0.3.10
   Compiling semver-parser v0.7.0
   Compiling heck v0.4.1
   Compiling ucd-trie v0.1.7
   Compiling semver v0.6.0
   Compiling pest v2.8.0
   Compiling regalloc2 v0.9.3
   Compiling wide v0.7.32
   Compiling strum_macros v0.24.3
   Compiling dirs v5.0.1
   Compiling polkadot-sdk v0.7.0
   Compiling clap v4.5.38
   Compiling fatality v0.1.1
   Compiling frame-decode v0.5.1
   Compiling cargo-platform v0.1.9
   Compiling secp256k1-sys v0.10.1
   Compiling approx v0.5.1
   Compiling scale-encode v0.8.0
   Compiling num-complex v0.4.6
   Compiling yap v0.11.0
   Compiling strum v0.24.1
   Compiling base58 v0.2.0
   Compiling rawpointer v0.2.1
   Compiling pest_meta v2.8.0
   Compiling cargo_metadata v0.15.4
   Compiling simba v0.9.0
   Compiling build-helper v0.1.1
   Compiling keccak-hash v0.11.0
   Compiling scale-typegen v0.9.0
   Compiling num-rational v0.4.2
   Compiling proc-macro-error-attr2 v2.0.0
   Compiling lz4 v1.28.1
   Compiling filetime v0.2.25
   Compiling parity-db v0.4.13
   Compiling scale-value v0.17.0
   Compiling polkavm-linker v0.18.0
   Compiling subxt-metadata v0.38.1
   Compiling subxt-utils-fetchmetadata v0.38.1
   Compiling pest_generator v2.8.0
   Compiling ripemd v0.1.3
   Compiling sc-consensus-slots v0.48.0
   Compiling bip39 v2.1.0
   Compiling secrecy v0.10.3
   Compiling const-hex v1.14.0
   Compiling unicode-segmentation v1.12.0
   Compiling proc-macro-error2 v2.0.1
   Compiling substrate-build-script-utils v11.0.0
   Compiling frame-benchmarking-cli v47.0.0
   Compiling sc-proposer-metrics v0.20.0
   Compiling threadpool v1.8.1
   Compiling gethostname v0.2.3
   Compiling bip32 v0.5.3
   Compiling rustls-webpki v0.103.3
   Compiling pest_derive v2.8.0
   Compiling solochain-template-node v0.1.0 (/mnt/c/pqr.info/substrate-node-template/node)
   Compiling comfy-table v7.1.4
   Compiling thousands v0.2.0
   Compiling sp-arithmetic v23.0.0
   Compiling midly v0.5.3
   Compiling subxt-codegen v0.38.1
   Compiling libp2p-noise v0.45.0
   Compiling subxt-core v0.38.1
   Compiling sp-wasm-interface v21.0.1
   Compiling orchestra v0.4.0
   Compiling nalgebra v0.33.2
warning: solochain-template-node@0.1.0: Git command failed with status 'exit status: 128' with message: 'fatal: not a git repository (or any parent up to mount point /mnt)
warning: solochain-template-node@0.1.0: Could not find `.git/HEAD` searching from `/mnt/c/pqr.info/substrate-node-template/node` upwards!
   Compiling os-spark-core v0.1.0 (/mnt/c/pqr.info/substrate-node-template/os-spark-core)
   Compiling handlebars v5.1.2
warning: unused import: `FixedPointNumber`
 --> os-spark-core/src/lib.rs:5:32
  |
5 | use sp_arithmetic::{FixedU128, FixedPointNumber};
  |                                ^^^^^^^^^^^^^^^^
  |
  = note: `#[warn(unused_imports)]` (part of `#[warn(unused)]`) on by default

warning: `os-spark-core` (lib) generated 1 warning (run `cargo fix --lib -p os-spark-core` to apply 1 suggestion)
   Compiling sp-runtime-interface v29.0.1
   Compiling subxt-macro v0.38.1
   Compiling futures-rustls v0.26.0
   Compiling tokio-rustls v0.26.2
   Compiling tungstenite v0.26.2
   Compiling libp2p-websocket v0.44.0
   Compiling hyper-rustls v0.27.5
   Compiling tokio-tungstenite v0.26.2
   Compiling libp2p v0.54.1
   Compiling secp256k1 v0.30.0
   Compiling subxt v0.38.1
   Compiling subxt-signer v0.38.1
   Compiling linregress v0.5.4
   Compiling sc-telemetry v28.1.0
   Compiling sc-network-types v0.15.3
   Compiling tikv-jemalloc-ctl v0.5.4
   Compiling rocksdb v0.21.0
   Compiling kvdb-rocksdb v0.19.0
   Compiling sp-core v36.1.0
   Compiling sp-trie v39.1.0
   Compiling sp-keystore v0.42.0
   Compiling sc-allocator v31.0.0
   Compiling sp-rpc v34.0.0
   Compiling sc-state-db v0.38.0
   Compiling sc-executor-common v0.38.0
   Compiling sp-state-machine v0.45.0
   Compiling cumulus-primitives-proof-size-hostfunction v0.12.0
   Compiling sc-executor-polkavm v0.35.0
   Compiling sp-application-crypto v40.1.0
   Compiling sp-runtime v41.1.0
   Compiling sc-keystore v35.0.0
   Compiling sp-version v39.0.0
   Compiling sp-inherents v36.0.0
   Compiling sp-staking v38.0.0
   Compiling sc-network-common v0.48.0
   Compiling polkadot-core-primitives v17.1.0
   Compiling sp-keyring v41.0.0
   Compiling polkadot-parachain-primitives v16.1.0
   Compiling sp-api v36.0.1
   Compiling sp-consensus v0.42.0
   Compiling sp-timestamp v36.0.0
   Compiling sp-transaction-storage-proof v36.1.0
   Compiling sp-genesis-builder v0.17.0
   Compiling sc-executor v0.42.0
   Compiling sp-authority-discovery v36.0.0
   Compiling sp-block-builder v36.0.0
   Compiling sp-consensus-grandpa v23.1.0
   Compiling sp-mixnet v0.14.0
   Compiling sp-session v38.1.0
   Compiling sp-offchain v36.0.0
   Compiling sp-transaction-pool v36.0.0
   Compiling sp-statement-store v20.1.0
   Compiling frame-system-rpc-runtime-api v36.0.0
   Compiling frame-support v40.1.0
   Compiling sp-blockchain v39.0.0
   Compiling sp-consensus-slots v0.42.1
   Compiling sc-runtime-utilities v0.2.0
   Compiling polkadot-primitives v18.1.0
   Compiling sp-consensus-babe v0.42.1
   Compiling sp-consensus-aura v0.42.0
   Compiling sc-transaction-pool-api v39.0.0
   Compiling sc-block-builder v0.44.0
   Compiling sc-client-api v39.0.0
   Compiling sc-basic-authorship v0.49.0
   Compiling sc-consensus v0.48.0
   Compiling sc-tracing v39.0.0
   Compiling sc-client-db v0.46.0
   Compiling sc-transaction-pool v39.0.0
   Compiling tracing-gum v19.0.0
   Compiling polkadot-node-primitives v19.0.0
   Compiling polkadot-statement-table v19.0.0
   Compiling sc-consensus-aura v0.49.0
   Compiling sc-chain-spec v42.0.0
   Compiling sc-mixnet v0.19.0
   Compiling sc-offchain v44.0.0
   Compiling frame-system v40.1.0
   Compiling staging-xcm v16.1.0
   Compiling frame-try-runtime v0.46.0
   Compiling polkadot-node-network-protocol v22.0.0
   Compiling sc-rpc-api v0.48.0
   Compiling sc-informant v0.48.0
   Compiling sc-network-transactions v0.48.0
   Compiling sc-network-gossip v0.49.0
   Compiling pallet-timestamp v39.0.0
   Compiling pallet-transaction-payment v40.0.0
   Compiling pallet-authorship v40.0.0
   Compiling pallet-marketplace v4.0.0-dev (/mnt/c/pqr.info/SUBSTRATE/pallet-marketplace)
   Compiling pallet-sudo v40.0.0
   Compiling pallet-5d-hcp v4.0.0-dev (/mnt/c/pqr.info/SUBSTRATE/pallet-5d-hcp)
   Compiling pallet-timeslips v0.1.0 (/mnt/c/pqr.info/substrate-node-template/pallets/timeslips)
   Compiling frame-executive v40.0.0
   Compiling pallet-jetweb-governance v0.1.0 (/mnt/c/pqr.info/substrate-node-template/pallets/jetweb-governance)
   Compiling frame-benchmarking v40.0.0
   Compiling pallet-vault-storage v4.0.0-dev (/mnt/c/pqr.info/SUBSTRATE/pallet-vault-storage)
   Compiling frame-metadata-hash-extension v0.8.0
   Compiling pallet-jetweb-continuity v0.1.0 (/mnt/c/pqr.info/substrate-node-template/pallets/jetweb-continuity)
   Compiling pallet-imagefx-nft v0.1.0 (/mnt/c/pqr.info/SUBSTRATE/pallet-imagefx-nft)
   Compiling pallet-balances v41.1.0
   Compiling pallet-template v0.1.0 (/mnt/c/pqr.info/substrate-node-template/pallets/template)
   Compiling polkadot-node-subsystem-types v22.0.0
   Compiling sc-rpc v44.0.0
   Compiling sc-rpc-server v21.0.0
   Compiling substrate-frame-rpc-system v43.0.0
   Compiling pallet-session v40.0.0
   Compiling pallet-aura v39.0.0
   Compiling pallet-transaction-payment-rpc-runtime-api v40.0.0
warning: use of deprecated constant `pallet::warnings::ConstantWeight_0::_w`: 
                 It is deprecated to use hard-coded constant as call weight.
                 Please instead benchmark all calls or put the pallet into `dev` mode.
         
                 For more info see:
                     <https://github.com/paritytech/substrate/pull/13798>
   --> /mnt/c/pqr.info/SUBSTRATE/pallet-marketplace/src/lib.rs:132:26
    |
132 |         #[pallet::weight(10_000)]
    |                          ^^^^^^
    |
    = note: `#[warn(deprecated)]` on by default

warning: use of deprecated constant `pallet::warnings::ConstantWeight_1::_w`: 
                 It is deprecated to use hard-coded constant as call weight.
                 Please instead benchmark all calls or put the pallet into `dev` mode.
         
                 For more info see:
                     <https://github.com/paritytech/substrate/pull/13798>
   --> /mnt/c/pqr.info/SUBSTRATE/pallet-marketplace/src/lib.rs:160:26
    |
160 |         #[pallet::weight(10_000)]
    |                          ^^^^^^

warning: use of deprecated constant `pallet::warnings::ConstantWeight_2::_w`: 
                 It is deprecated to use hard-coded constant as call weight.
                 Please instead benchmark all calls or put the pallet into `dev` mode.
         
                 For more info see:
                     <https://github.com/paritytech/substrate/pull/13798>
   --> /mnt/c/pqr.info/SUBSTRATE/pallet-marketplace/src/lib.rs:190:26
    |
190 |         #[pallet::weight(10_000)]
    |                          ^^^^^^

warning: use of deprecated constant `pallet::warnings::ConstantWeight_3::_w`: 
                 It is deprecated to use hard-coded constant as call weight.
                 Please instead benchmark all calls or put the pallet into `dev` mode.
         
                 For more info see:
                     <https://github.com/paritytech/substrate/pull/13798>
   --> /mnt/c/pqr.info/SUBSTRATE/pallet-marketplace/src/lib.rs:225:26
    |
225 |         #[pallet::weight(10_000)]
    |                          ^^^^^^

warning: use of deprecated constant `pallet::warnings::ConstantWeight_4::_w`: 
                 It is deprecated to use hard-coded constant as call weight.
                 Please instead benchmark all calls or put the pallet into `dev` mode.
         
                 For more info see:
                     <https://github.com/paritytech/substrate/pull/13798>
   --> /mnt/c/pqr.info/SUBSTRATE/pallet-marketplace/src/lib.rs:251:26
    |
251 |         #[pallet::weight(10_000)]
    |                          ^^^^^^

warning: use of deprecated constant `pallet::warnings::ConstantWeight_0::_w`: 
                 It is deprecated to use hard-coded constant as call weight.
                 Please instead benchmark all calls or put the pallet into `dev` mode.
         
                 For more info see:
                     <https://github.com/paritytech/substrate/pull/13798>
   --> /mnt/c/pqr.info/SUBSTRATE/pallet-5d-hcp/src/lib.rs:136:26
    |
136 |         #[pallet::weight(10_000)]
    |                          ^^^^^^
    |
    = note: `#[warn(deprecated)]` on by default

warning: use of deprecated constant `pallet::warnings::ConstantWeight_1::_w`: 
                 It is deprecated to use hard-coded constant as call weight.
                 Please instead benchmark all calls or put the pallet into `dev` mode.
         
                 For more info see:
                     <https://github.com/paritytech/substrate/pull/13798>
   --> /mnt/c/pqr.info/SUBSTRATE/pallet-5d-hcp/src/lib.rs:157:26
    |
157 |         #[pallet::weight(10_000)]
    |                          ^^^^^^

warning: use of deprecated constant `pallet::warnings::ConstantWeight_2::_w`: 
                 It is deprecated to use hard-coded constant as call weight.
                 Please instead benchmark all calls or put the pallet into `dev` mode.
         
                 For more info see:
                     <https://github.com/paritytech/substrate/pull/13798>
   --> /mnt/c/pqr.info/SUBSTRATE/pallet-5d-hcp/src/lib.rs:192:26
    |
192 |         #[pallet::weight(10_000)]
    |                          ^^^^^^

warning: use of deprecated constant `pallet::warnings::ConstantWeight_3::_w`: 
                 It is deprecated to use hard-coded constant as call weight.
                 Please instead benchmark all calls or put the pallet into `dev` mode.
         
                 For more info see:
                     <https://github.com/paritytech/substrate/pull/13798>
   --> /mnt/c/pqr.info/SUBSTRATE/pallet-5d-hcp/src/lib.rs:206:26
    |
206 |         #[pallet::weight(10_000)]
    |                          ^^^^^^

warning: use of deprecated constant `pallet::warnings::ConstantWeight_4::_w`: 
                 It is deprecated to use hard-coded constant as call weight.
                 Please instead benchmark all calls or put the pallet into `dev` mode.
         
                 For more info see:
                     <https://github.com/paritytech/substrate/pull/13798>
   --> /mnt/c/pqr.info/SUBSTRATE/pallet-5d-hcp/src/lib.rs:219:26
    |
219 |         #[pallet::weight(10_000)]
    |                          ^^^^^^

warning: use of deprecated constant `pallet::warnings::ConstantWeight_5::_w`: 
                 It is deprecated to use hard-coded constant as call weight.
                 Please instead benchmark all calls or put the pallet into `dev` mode.
         
                 For more info see:
                     <https://github.com/paritytech/substrate/pull/13798>
   --> /mnt/c/pqr.info/SUBSTRATE/pallet-5d-hcp/src/lib.rs:232:26
    |
232 |         #[pallet::weight(10_000)]
    |                          ^^^^^^

warning: use of deprecated constant `pallet::warnings::ConstantWeight_0::_w`: 
                 It is deprecated to use hard-coded constant as call weight.
                 Please instead benchmark all calls or put the pallet into `dev` mode.
         
                 For more info see:
                     <https://github.com/paritytech/substrate/pull/13798>
  --> /mnt/c/pqr.info/SUBSTRATE/pallet-vault-storage/src/lib.rs:71:26
   |
71 |         #[pallet::weight(10_000)]
   |                          ^^^^^^
   |
   = note: `#[warn(deprecated)]` on by default

warning: use of deprecated constant `pallet::warnings::ConstantWeight_1::_w`: 
                 It is deprecated to use hard-coded constant as call weight.
                 Please instead benchmark all calls or put the pallet into `dev` mode.
         
                 For more info see:
                     <https://github.com/paritytech/substrate/pull/13798>
  --> /mnt/c/pqr.info/SUBSTRATE/pallet-vault-storage/src/lib.rs:84:26
   |
84 |         #[pallet::weight(10_000)]
   |                          ^^^^^^

warning: use of deprecated constant `pallet::warnings::ConstantWeight_0::_w`: 
                 It is deprecated to use hard-coded constant as call weight.
                 Please instead benchmark all calls or put the pallet into `dev` mode.
         
                 For more info see:
                     <https://github.com/paritytech/substrate/pull/13798>
   --> pallets/timeslips/src/lib.rs:156:26
    |
156 |         #[pallet::weight(10_000)]
    |                          ^^^^^^
    |
    = note: `#[warn(deprecated)]` on by default

warning: use of deprecated constant `pallet::warnings::ConstantWeight_1::_w`: 
                 It is deprecated to use hard-coded constant as call weight.
                 Please instead benchmark all calls or put the pallet into `dev` mode.
         
                 For more info see:
                     <https://github.com/paritytech/substrate/pull/13798>
   --> pallets/timeslips/src/lib.rs:186:26
    |
186 |         #[pallet::weight(10_000)]
    |                          ^^^^^^

warning: use of deprecated constant `pallet::warnings::ConstantWeight_2::_w`: 
                 It is deprecated to use hard-coded constant as call weight.
                 Please instead benchmark all calls or put the pallet into `dev` mode.
         
                 For more info see:
                     <https://github.com/paritytech/substrate/pull/13798>
   --> pallets/timeslips/src/lib.rs:209:26
    |
209 |         #[pallet::weight(10_000)]
    |                          ^^^^^^

warning: use of deprecated constant `pallet::warnings::ConstantWeight_3::_w`: 
                 It is deprecated to use hard-coded constant as call weight.
                 Please instead benchmark all calls or put the pallet into `dev` mode.
         
                 For more info see:
                     <https://github.com/paritytech/substrate/pull/13798>
   --> pallets/timeslips/src/lib.rs:244:26
    |
244 |         #[pallet::weight(10_000)]
    |                          ^^^^^^

warning: unused import: `Saturating`
 --> /mnt/c/pqr.info/SUBSTRATE/pallet-imagefx-nft/src/mint.rs:5:26
  |
5 | use sp_runtime::traits::{Saturating, Zero, CheckedMul, Hash};
  |                          ^^^^^^^^^^
  |
  = note: `#[warn(unused_imports)]` (part of `#[warn(unused)]`) on by default

warning: unused import: `NftMetadata`
  --> /mnt/c/pqr.info/SUBSTRATE/pallet-imagefx-nft/src/lib.rs:18:27
   |
18 |     use crate::metadata::{NftMetadata, ImageMetadata, ProteinMetadata, NftClass, NftRecord};
   |                           ^^^^^^^^^^^

warning: use of deprecated constant `pallet::warnings::ConstantWeight_0::_w`: 
                 It is deprecated to use hard-coded constant as call weight.
                 Please instead benchmark all calls or put the pallet into `dev` mode.
         
                 For more info see:
                     <https://github.com/paritytech/substrate/pull/13798>
   --> /mnt/c/pqr.info/SUBSTRATE/pallet-imagefx-nft/src/lib.rs:143:26
    |
143 |         #[pallet::weight(10_000)]
    |                          ^^^^^^
    |
    = note: `#[warn(deprecated)]` on by default

warning: use of deprecated constant `pallet::warnings::ConstantWeight_1::_w`: 
                 It is deprecated to use hard-coded constant as call weight.
                 Please instead benchmark all calls or put the pallet into `dev` mode.
         
                 For more info see:
                     <https://github.com/paritytech/substrate/pull/13798>
   --> /mnt/c/pqr.info/SUBSTRATE/pallet-imagefx-nft/src/lib.rs:153:26
    |
153 |         #[pallet::weight(10_000)]
    |                          ^^^^^^

warning: use of deprecated constant `pallet::warnings::ConstantWeight_2::_w`: 
                 It is deprecated to use hard-coded constant as call weight.
                 Please instead benchmark all calls or put the pallet into `dev` mode.
         
                 For more info see:
                     <https://github.com/paritytech/substrate/pull/13798>
   --> /mnt/c/pqr.info/SUBSTRATE/pallet-imagefx-nft/src/lib.rs:161:26
    |
161 |         #[pallet::weight(10_000)]
    |                          ^^^^^^

warning: use of deprecated constant `pallet::warnings::ConstantWeight_3::_w`: 
                 It is deprecated to use hard-coded constant as call weight.
                 Please instead benchmark all calls or put the pallet into `dev` mode.
         
                 For more info see:
                     <https://github.com/paritytech/substrate/pull/13798>
   --> /mnt/c/pqr.info/SUBSTRATE/pallet-imagefx-nft/src/lib.rs:167:26
    |
167 |         #[pallet::weight(10_000)]
    |                          ^^^^^^

warning: use of deprecated constant `pallet::warnings::ConstantWeight_4::_w`: 
                 It is deprecated to use hard-coded constant as call weight.
                 Please instead benchmark all calls or put the pallet into `dev` mode.
         
                 For more info see:
                     <https://github.com/paritytech/substrate/pull/13798>
   --> /mnt/c/pqr.info/SUBSTRATE/pallet-imagefx-nft/src/lib.rs:173:26
    |
173 |         #[pallet::weight(10_000)]
    |                          ^^^^^^

warning: use of deprecated constant `pallet::warnings::ConstantWeight_5::_w`: 
                 It is deprecated to use hard-coded constant as call weight.
                 Please instead benchmark all calls or put the pallet into `dev` mode.
         
                 For more info see:
                     <https://github.com/paritytech/substrate/pull/13798>
   --> /mnt/c/pqr.info/SUBSTRATE/pallet-imagefx-nft/src/lib.rs:181:26
    |
181 |         #[pallet::weight(10_000)]
    |                          ^^^^^^

warning: use of deprecated constant `pallet::warnings::ConstantWeight_6::_w`: 
                 It is deprecated to use hard-coded constant as call weight.
                 Please instead benchmark all calls or put the pallet into `dev` mode.
         
                 For more info see:
                     <https://github.com/paritytech/substrate/pull/13798>
   --> /mnt/c/pqr.info/SUBSTRATE/pallet-imagefx-nft/src/lib.rs:202:26
    |
202 |         #[pallet::weight(10_000)]
    |                          ^^^^^^

warning: use of deprecated constant `pallet::warnings::ConstantWeight_7::_w`: 
                 It is deprecated to use hard-coded constant as call weight.
                 Please instead benchmark all calls or put the pallet into `dev` mode.
         
                 For more info see:
                     <https://github.com/paritytech/substrate/pull/13798>
   --> /mnt/c/pqr.info/SUBSTRATE/pallet-imagefx-nft/src/lib.rs:208:26
    |
208 |         #[pallet::weight(10_000)]
    |                          ^^^^^^

warning: use of deprecated constant `pallet::warnings::ConstantWeight_8::_w`: 
                 It is deprecated to use hard-coded constant as call weight.
                 Please instead benchmark all calls or put the pallet into `dev` mode.
         
                 For more info see:
                     <https://github.com/paritytech/substrate/pull/13798>
   --> /mnt/c/pqr.info/SUBSTRATE/pallet-imagefx-nft/src/lib.rs:214:26
    |
214 |         #[pallet::weight(10_000)]
    |                          ^^^^^^

warning: use of deprecated constant `pallet::warnings::ConstantWeight_9::_w`: 
                 It is deprecated to use hard-coded constant as call weight.
                 Please instead benchmark all calls or put the pallet into `dev` mode.
         
                 For more info see:
                     <https://github.com/paritytech/substrate/pull/13798>
   --> /mnt/c/pqr.info/SUBSTRATE/pallet-imagefx-nft/src/lib.rs:220:26
    |
220 |         #[pallet::weight(10_000)]
    |                          ^^^^^^

warning: `pallet-vault-storage` (lib) generated 2 warnings
warning: `pallet-marketplace` (lib) generated 5 warnings
   Compiling sc-consensus-grandpa v0.34.0
warning: `pallet-5d-hcp` (lib) generated 6 warnings
warning: `pallet-timeslips` (lib) generated 4 warnings
warning: `pallet-imagefx-nft` (lib) generated 12 warnings (run `cargo fix --lib -p pallet-imagefx-nft` to apply 2 suggestions)
   Compiling cumulus-primitives-core v0.18.1
   Compiling pallet-transaction-payment-rpc v43.0.0
   Compiling sc-rpc-spec-v2 v0.49.1
   Compiling cumulus-test-relay-sproof-builder v0.19.0
   Compiling cumulus-primitives-parachain-inherent v0.18.1
   Compiling pallet-grandpa v40.0.0
   Compiling sc-service v0.50.0
   Compiling sc-cli v0.51.0
   Compiling polkadot-node-metrics v22.0.0
   Compiling polkadot-overseer v22.0.0
⚡ Found 3 strongly connected components which includes at least one cycle each
cycle(001) ∈ α: DisputeCoordinator ~~{"DisputeDistributionMessage"}~~> DisputeDistribution ~~{"DisputeCoordinatorMessage"}~~>  *
cycle(002) ∈ β: CandidateBacking ~~{"CollatorProtocolMessage"}~~> CollatorProtocol ~~{"CandidateBackingMessage"}~~>  *
cycle(003) ∈ γ: NetworkBridgeRx ~~{"GossipSupportMessage"}~~> GossipSupport ~~{"NetworkBridgeRxMessage"}~~>  *
   Compiling cumulus-relay-chain-interface v0.22.0
   Compiling cumulus-client-parachain-inherent v0.16.0
   Compiling wasm-opt v0.116.1
   Compiling substrate-wasm-builder v26.0.1
   Compiling solochain-template-runtime v0.1.0 (/mnt/c/pqr.info/substrate-node-template/runtime)
error: failed to run custom build command for `solochain-template-runtime v0.1.0 (/mnt/c/pqr.info/substrate-node-template/runtime)`

Caused by:
  process didn't exit successfully: `/mnt/c/pqr.info/substrate-node-template/target/release/build/solochain-template-runtime-cdb55e303da05b09/build-script-build` (exit status: 1)
  --- stderr
  Cannot compile the WASM runtime: no standard library sources found at /root/.rustup/toolchains/stable-x86_64-unknown-linux-gnu/lib/rustlib/src/rust!
  You can install them with `rustup component add rust-src --toolchain stable-x86_64-unknown-linux-gnu` if you're using `rustup`.
